
 Start         Length     Name                   Class
 0001:00000000 00073564H .text                   CODE
 0002:00000000 00001568H .data                   DATA
 0002:00001568 00000C31H .bss                    BSS


Detailed map of segments

 0001:00000000 00004EDB C=CODE     S=.text    G=(none)   M=System   ACBP=A9
 0001:00004EDC 00000140 C=CODE     S=.text    G=(none)   M=SysInit  ACBP=A9
 0001:0000501C 00000078 C=CODE     S=.text    G=(none)   M=Types    ACBP=A9
 0001:00005094 00000D5C C=CODE     S=.text    G=(none)   M=Windows  ACBP=A9
 0001:00005DF0 00000038 C=CODE     S=.text    G=(none)   M=Messages ACBP=A9
 0001:00005E28 00000318 C=CODE     S=.text    G=(none)   M=SysConst ACBP=A9
 0001:00006140 00006728 C=CODE     S=.text    G=(none)   M=SysUtils ACBP=A9
 0001:0000C868 0000080B C=CODE     S=.text    G=(none)   M=VarUtils ACBP=A9
 0001:0000D074 00006C42 C=CODE     S=.text    G=(none)   M=Variants ACBP=A9
 0001:00013CB8 00000150 C=CODE     S=.text    G=(none)   M=RTLConsts ACBP=A9
 0001:00013E08 000007E8 C=CODE     S=.text    G=(none)   M=TypInfo  ACBP=A9
 0001:000145F0 000000A8 C=CODE     S=.text    G=(none)   M=ActiveX  ACBP=A9
 0001:00014698 000097CA C=CODE     S=.text    G=(none)   M=Classes  ACBP=A9
 0001:0001DE64 000002E8 C=CODE     S=.text    G=(none)   M=Consts   ACBP=A9
 0001:0001E14C 000090BB C=CODE     S=.text    G=(none)   M=Graphics ACBP=A9
 0001:00027208 00000140 C=CODE     S=.text    G=(none)   M=Math     ACBP=A9
 0001:00027348 000002B8 C=CODE     S=.text    G=(none)   M=Contnrs  ACBP=A9
 0001:00027600 000000FC C=CODE     S=.text    G=(none)   M=CommCtrl ACBP=A9
 0001:000276FC 00000787 C=CODE     S=.text    G=(none)   M=MultiMon ACBP=A9
 0001:00027E84 00000038 C=CODE     S=.text    G=(none)   M=Imm      ACBP=A9
 0001:00027EBC 00000FF8 C=CODE     S=.text    G=(none)   M=HelpIntfs ACBP=A9
 0001:00028EB4 00000038 C=CODE     S=.text    G=(none)   M=WinSpool ACBP=A9
 0001:00028EEC 00000044 C=CODE     S=.text    G=(none)   M=Printers ACBP=A9
 0001:00028F30 0000031F C=CODE     S=.text    G=(none)   M=FlatSB   ACBP=A9
 0001:00029250 000001A4 C=CODE     S=.text    G=(none)   M=SyncObjs ACBP=A9
 0001:000293F4 000009BB C=CODE     S=.text    G=(none)   M=UxTheme  ACBP=A9
 0001:00029DB0 00000038 C=CODE     S=.text    G=(none)   M=RichEdit ACBP=A9
 0001:00029DE8 00000038 C=CODE     S=.text    G=(none)   M=ToolWin  ACBP=A9
 0001:00029E20 00000038 C=CODE     S=.text    G=(none)   M=ShellAPI ACBP=A9
 0001:00029E58 00000038 C=CODE     S=.text    G=(none)   M=RegStr   ACBP=A9
 0001:00029E90 00000038 C=CODE     S=.text    G=(none)   M=WinInet  ACBP=A9
 0001:00029EC8 00000038 C=CODE     S=.text    G=(none)   M=UrlMon   ACBP=A9
 0001:00029F00 0000006C C=CODE     S=.text    G=(none)   M=ShlObj   ACBP=A9
 0001:00029F6C 00000040 C=CODE     S=.text    G=(none)   M=CommDlg  ACBP=A9
 0001:00029FAC 00000038 C=CODE     S=.text    G=(none)   M=Dlgs     ACBP=A9
 0001:00029FE4 00002349 C=CODE     S=.text    G=(none)   M=Dialogs  ACBP=A9
 0001:0002C330 00003486 C=CODE     S=.text    G=(none)   M=ExtCtrls ACBP=A9
 0001:0002F7B8 00000038 C=CODE     S=.text    G=(none)   M=ComStrs  ACBP=A9
 0001:0002F7F0 0000069C C=CODE     S=.text    G=(none)   M=Clipbrd  ACBP=A9
 0001:0002FE8C 000000A8 C=CODE     S=.text    G=(none)   M=StrUtils ACBP=A9
 0001:0002FF34 00002731 C=CODE     S=.text    G=(none)   M=Buttons  ACBP=A9
 0001:00032668 00000038 C=CODE     S=.text    G=(none)   M=ExtDlgs  ACBP=A9
 0001:000326A0 00000068 C=CODE     S=.text    G=(none)   M=IniFiles ACBP=A9
 0001:00032708 00000068 C=CODE     S=.text    G=(none)   M=Registry ACBP=A9
 0001:00032770 0000006C C=CODE     S=.text    G=(none)   M=Mapi     ACBP=A9
 0001:000327DC 00000058 C=CODE     S=.text    G=(none)   M=ExtActns ACBP=A9
 0001:00032834 00000038 C=CODE     S=.text    G=(none)   M=ListActns ACBP=A9
 0001:0003286C 00000180 C=CODE     S=.text    G=(none)   M=ComCtrls ACBP=A9
 0001:000329EC 00000C28 C=CODE     S=.text    G=(none)   M=Themes   ACBP=A9
 0001:00033614 0000873C C=CODE     S=.text    G=(none)   M=StdCtrls ACBP=A9
 0001:0003BD50 00000168 C=CODE     S=.text    G=(none)   M=StdActns ACBP=A9
 0001:0003BEB8 00000D1F C=CODE     S=.text    G=(none)   M=WinHelpViewer ACBP=A9
 0001:0003CBD8 000110C3 C=CODE     S=.text    G=(none)   M=Controls ACBP=A9
 0001:0004DC9C 00001292 C=CODE     S=.text    G=(none)   M=ActnList ACBP=A9
 0001:0004EF30 00001B9C C=CODE     S=.text    G=(none)   M=ImgList  ACBP=A9
 0001:00050ACC 00006639 C=CODE     S=.text    G=(none)   M=Menus    ACBP=A9
 0001:00057108 0000C410 C=CODE     S=.text    G=(none)   M=Forms    ACBP=A9
 0001:00063518 00000A18 C=CODE     S=.text    G=(none)   M=MaskUtils ACBP=A9
 0001:00063F30 00002108 C=CODE     S=.text    G=(none)   M=Mask     ACBP=A9
 0001:00066038 0000924C C=CODE     S=.text    G=(none)   M=Grids    ACBP=A9
 0001:0006F284 00000058 C=CODE     S=.text    G=(none)   M=ComConst ACBP=A9
 0001:0006F2DC 00000F09 C=CODE     S=.text    G=(none)   M=ComObj   ACBP=A9
 0001:000701E8 00000768 C=CODE     S=.text    G=(none)   M=XLHelp   ACBP=A9
 0001:00070950 00002994 C=CODE     S=.text    G=(none)   M=Main     ACBP=A9
 0001:000732E4 0000027D C=CODE     S=.text    G=(none)   M=XLLink   ACBP=A9
 0002:00000000 0000009C C=DATA     S=.data    G=DGROUP   M=System   ACBP=A9
 0002:0000009C 00000020 C=DATA     S=.data    G=DGROUP   M=SysInit  ACBP=A9
 0002:000000BC 00000254 C=DATA     S=.data    G=DGROUP   M=SysUtils ACBP=A9
 0002:00000310 00000110 C=DATA     S=.data    G=DGROUP   M=VarUtils ACBP=A9
 0002:00000420 0000013A C=DATA     S=.data    G=DGROUP   M=Variants ACBP=A9
 0002:0000055C 0000000C C=DATA     S=.data    G=DGROUP   M=TypInfo  ACBP=A9
 0002:00000568 00000010 C=DATA     S=.data    G=DGROUP   M=ActiveX  ACBP=A9
 0002:00000578 00000064 C=DATA     S=.data    G=DGROUP   M=Classes  ACBP=A9
 0002:000005DC 00000304 C=DATA     S=.data    G=DGROUP   M=Graphics ACBP=A9
 0002:000008E0 00000004 C=DATA     S=.data    G=DGROUP   M=Printers ACBP=A9
 0002:000008E4 00000114 C=DATA     S=.data    G=DGROUP   M=Dialogs  ACBP=A9
 0002:000009F8 0000018C C=DATA     S=.data    G=DGROUP   M=ExtCtrls ACBP=A9
 0002:00000B84 00000046 C=DATA     S=.data    G=DGROUP   M=Buttons  ACBP=A9
 0002:00000BCC 00000008 C=DATA     S=.data    G=DGROUP   M=IniFiles ACBP=A9
 0002:00000BD4 00000008 C=DATA     S=.data    G=DGROUP   M=Registry ACBP=A9
 0002:00000BDC 00000008 C=DATA     S=.data    G=DGROUP   M=Mapi     ACBP=A9
 0002:00000BE4 00000018 C=DATA     S=.data    G=DGROUP   M=ComCtrls ACBP=A9
 0002:00000BFC 00000068 C=DATA     S=.data    G=DGROUP   M=Themes   ACBP=A9
 0002:00000C64 000000CC C=DATA     S=.data    G=DGROUP   M=StdCtrls ACBP=A9
 0002:00000D30 0000013C C=DATA     S=.data    G=DGROUP   M=Controls ACBP=A9
 0002:00000E6C 00000020 C=DATA     S=.data    G=DGROUP   M=ImgList  ACBP=A9
 0002:00000E8C 000000EC C=DATA     S=.data    G=DGROUP   M=Menus    ACBP=A9
 0002:00000F78 0000011C C=DATA     S=.data    G=DGROUP   M=Forms    ACBP=A9
 0002:00001094 00000009 C=DATA     S=.data    G=DGROUP   M=MaskUtils ACBP=A9
 0002:000010A0 00000004 C=DATA     S=.data    G=DGROUP   M=Mask     ACBP=A9
 0002:000010A4 00000006 C=DATA     S=.data    G=DGROUP   M=Grids    ACBP=A9
 0002:000010AC 00000030 C=DATA     S=.data    G=DGROUP   M=ComObj   ACBP=A9
 0002:00002000 00000664 C=BSS      S=.bss     G=DGROUP   M=System   ACBP=A9
 0002:00002664 00000010 C=BSS      S=.bss     G=DGROUP   M=SysInit  ACBP=A9
 0002:00002674 00000004 C=BSS      S=.bss     G=DGROUP   M=Types    ACBP=A9
 0002:00002678 00000004 C=BSS      S=.bss     G=DGROUP   M=Windows  ACBP=A9
 0002:0000267C 00000004 C=BSS      S=.bss     G=DGROUP   M=Messages ACBP=A9
 0002:00002680 00000004 C=BSS      S=.bss     G=DGROUP   M=SysConst ACBP=A9
 0002:00002684 00000120 C=BSS      S=.bss     G=DGROUP   M=SysUtils ACBP=A9
 0002:000027A4 0000005C C=BSS      S=.bss     G=DGROUP   M=VarUtils ACBP=A9
 0002:00002800 00000040 C=BSS      S=.bss     G=DGROUP   M=Variants ACBP=A9
 0002:00002840 00000004 C=BSS      S=.bss     G=DGROUP   M=RTLConsts ACBP=A9
 0002:00002844 00000004 C=BSS      S=.bss     G=DGROUP   M=TypInfo  ACBP=A9
 0002:00002848 00000004 C=BSS      S=.bss     G=DGROUP   M=ActiveX  ACBP=A9
 0002:0000284C 00000040 C=BSS      S=.bss     G=DGROUP   M=Classes  ACBP=A9
 0002:0000288C 00000004 C=BSS      S=.bss     G=DGROUP   M=Consts   ACBP=A9
 0002:00002890 00000060 C=BSS      S=.bss     G=DGROUP   M=Graphics ACBP=A9
 0002:000028F0 00000004 C=BSS      S=.bss     G=DGROUP   M=Math     ACBP=A9
 0002:000028F4 00000004 C=BSS      S=.bss     G=DGROUP   M=Contnrs  ACBP=A9
 0002:000028F8 00000004 C=BSS      S=.bss     G=DGROUP   M=CommCtrl ACBP=A9
 0002:000028FC 00000031 C=BSS      S=.bss     G=DGROUP   M=MultiMon ACBP=A9
 0002:00002930 00000004 C=BSS      S=.bss     G=DGROUP   M=Imm      ACBP=A9
 0002:00002934 00000008 C=BSS      S=.bss     G=DGROUP   M=HelpIntfs ACBP=A9
 0002:0000293C 00000004 C=BSS      S=.bss     G=DGROUP   M=WinSpool ACBP=A9
 0002:00002940 00000004 C=BSS      S=.bss     G=DGROUP   M=Printers ACBP=A9
 0002:00002944 00000034 C=BSS      S=.bss     G=DGROUP   M=FlatSB   ACBP=A9
 0002:00002978 00000004 C=BSS      S=.bss     G=DGROUP   M=SyncObjs ACBP=A9
 0002:0000297C 000000CC C=BSS      S=.bss     G=DGROUP   M=UxTheme  ACBP=A9
 0002:00002A48 00000004 C=BSS      S=.bss     G=DGROUP   M=RichEdit ACBP=A9
 0002:00002A4C 00000004 C=BSS      S=.bss     G=DGROUP   M=ToolWin  ACBP=A9
 0002:00002A50 00000004 C=BSS      S=.bss     G=DGROUP   M=ShellAPI ACBP=A9
 0002:00002A54 00000004 C=BSS      S=.bss     G=DGROUP   M=RegStr   ACBP=A9
 0002:00002A58 00000004 C=BSS      S=.bss     G=DGROUP   M=WinInet  ACBP=A9
 0002:00002A5C 00000004 C=BSS      S=.bss     G=DGROUP   M=UrlMon   ACBP=A9
 0002:00002A60 00000004 C=BSS      S=.bss     G=DGROUP   M=ShlObj   ACBP=A9
 0002:00002A64 00000004 C=BSS      S=.bss     G=DGROUP   M=CommDlg  ACBP=A9
 0002:00002A68 00000004 C=BSS      S=.bss     G=DGROUP   M=Dlgs     ACBP=A9
 0002:00002A6C 00000038 C=BSS      S=.bss     G=DGROUP   M=Dialogs  ACBP=A9
 0002:00002AA4 00000004 C=BSS      S=.bss     G=DGROUP   M=ExtCtrls ACBP=A9
 0002:00002AA8 00000004 C=BSS      S=.bss     G=DGROUP   M=ComStrs  ACBP=A9
 0002:00002AAC 0000000C C=BSS      S=.bss     G=DGROUP   M=Clipbrd  ACBP=A9
 0002:00002AB8 00000004 C=BSS      S=.bss     G=DGROUP   M=StrUtils ACBP=A9
 0002:00002ABC 00000030 C=BSS      S=.bss     G=DGROUP   M=Buttons  ACBP=A9
 0002:00002AEC 00000004 C=BSS      S=.bss     G=DGROUP   M=ExtDlgs  ACBP=A9
 0002:00002AF0 00000004 C=BSS      S=.bss     G=DGROUP   M=IniFiles ACBP=A9
 0002:00002AF4 00000004 C=BSS      S=.bss     G=DGROUP   M=Registry ACBP=A9
 0002:00002AF8 00000004 C=BSS      S=.bss     G=DGROUP   M=Mapi     ACBP=A9
 0002:00002AFC 00000009 C=BSS      S=.bss     G=DGROUP   M=ExtActns ACBP=A9
 0002:00002B08 00000004 C=BSS      S=.bss     G=DGROUP   M=ListActns ACBP=A9
 0002:00002B0C 00000010 C=BSS      S=.bss     G=DGROUP   M=ComCtrls ACBP=A9
 0002:00002B1C 00000008 C=BSS      S=.bss     G=DGROUP   M=Themes   ACBP=A9
 0002:00002B24 00000004 C=BSS      S=.bss     G=DGROUP   M=StdCtrls ACBP=A9
 0002:00002B28 00000004 C=BSS      S=.bss     G=DGROUP   M=StdActns ACBP=A9
 0002:00002B2C 00000014 C=BSS      S=.bss     G=DGROUP   M=WinHelpViewer ACBP=A9
 0002:00002B40 00000080 C=BSS      S=.bss     G=DGROUP   M=Controls ACBP=A9
 0002:00002BC0 00000004 C=BSS      S=.bss     G=DGROUP   M=ActnList ACBP=A9
 0002:00002BC4 0000000C C=BSS      S=.bss     G=DGROUP   M=ImgList  ACBP=A9
 0002:00002BD0 00000010 C=BSS      S=.bss     G=DGROUP   M=Menus    ACBP=A9
 0002:00002BE0 00000020 C=BSS      S=.bss     G=DGROUP   M=Forms    ACBP=A9
 0002:00002C00 00000004 C=BSS      S=.bss     G=DGROUP   M=MaskUtils ACBP=A9
 0002:00002C04 00000004 C=BSS      S=.bss     G=DGROUP   M=Mask     ACBP=A9
 0002:00002C08 00000004 C=BSS      S=.bss     G=DGROUP   M=Grids    ACBP=A9
 0002:00002C0C 00000004 C=BSS      S=.bss     G=DGROUP   M=ComConst ACBP=A9
 0002:00002C10 00000011 C=BSS      S=.bss     G=DGROUP   M=ComObj   ACBP=A9
 0002:00002C24 00000004 C=BSS      S=.bss     G=DGROUP   M=XLHelp   ACBP=A9
 0002:00002C28 00000008 C=BSS      S=.bss     G=DGROUP   M=Main     ACBP=A9


  Address         Publics by Name

 0002:0000288C       .1
 0002:00002C24       .1
 0002:00002AA8       .1
 0002:0000267C       .1
 0002:00002680       .1
 0002:00002AB8       .1
 0002:00002A68       .1
 0002:00002AF8       .1
 0002:00002A64       .1
 0002:00002840       .1
 0002:00002A60       .1
 0002:00002A5C       .1
 0002:000028F8       .1
 0002:00002A58       .1
 0002:00002A54       .1
 0002:00002C0C       .1
 0002:00002A50       .1
 0002:0000291C       .1
 0002:00002930       .1
 0002:00002A48       .1
 0002:00002A38       .1
 0002:00002674       .1
 0002:00002964       .1
 0002:00002B34       .1
 0002:0000266C       .1
 0002:00002C08       .11
 0002:00002A6C       .11
 0002:00002AA4       .12
 0002:00002894       .12
 0002:00002C2C       .2
 0002:00002934       .2
 0002:00002C00       .2
 0002:000028F0       .2
 0002:00002AB0       .2
 0002:00002B1C       .2
 0002:000028F4       .21
 0002:00002848       .3
 0002:0000293C       .3
 0002:00002678       .3
 0002:00002940       .3
 0002:00002BC4       .3
 0002:00002AEC       .3
 0002:00002794       .35
 0002:00002B0C       .36
 0002:00002ABC       .4
 0002:00002A4C       .4
 0002:00002C10       .41
 0002:00002BE8       .41
 0002:00002B24       .42
 0002:00002858       .45
 0002:00002AF4       .5
 0002:000025BC       .5
 0002:000027FC       .5
 0002:00002C04       .5
 0002:00002978       .6
 0002:00002844       .6
 0002:00002AFC       .72
 0002:00002B48       .72
 0002:00002B28       .73
 0002:00002B08       .8
 0002:00002AF0       .8
 0002:00002BC0       .8
 0002:00002820       .81
 0002:00002BD8       .9
 0001:000019B8       @AbstractError
 0001:00002534       @AfterConstruction
 0001:00002368       @AsClass
 0001:00001B5C       @AStrCmp
 0001:00002544       @BeforeDestruction
 0001:000020F8       @BoundErr
 0001:000023B4       @CallDynaInst
 0001:000024DC       @ClassCreate
 0001:0000252C       @ClassDestroy
 0001:00001A28       @Close
 0001:00001884       @Copy
 0001:00003BE8       @CopyArray
 0001:00003ACC       @CopyRecord
 0001:00003D54       @DispCallByIDError
 0001:0000DF5C       @DispInvoke
 0001:0000DC54       @DispInvokeError
 0001:00003CF0       @Dispose
 0001:000029C0       @DoneExcept
 0001:000041B4       @DynArrayAsg
 0001:00004178       @DynArrayClear
 0001:00003FB8       @DynArrayHigh
 0001:00003FB0       @DynArrayLength
 0001:0000416C       @DynArraySetLength
 0001:00002AA8       @ExceptionHandler
 0001:0000194C       @EXP
 0001:00001BCC       @FillChar
 0001:00003AA8       @Finalize
 0001:000039BC       @FinalizeArray
 0001:00003970       @FinalizeRecord
 0001:000023CC       @FindDynaInst
 0001:000020EC       @FpuInit
 0001:00002028       @FpuMaskInit
 0001:00001964       @FRAC
 0001:0000170C       @FreeMem
 0001:000016EC       @GetMem
 0001:00004F54       @GetTls
 0001:00002EF0       @Halt
 0001:00002E18       @Halt0
 0001:00002658       @HandleAnyException
 0001:0000290C       @HandleFinally
 0001:00002784       @HandleOnException
 0001:00004FA0       @InitExe
 0001:00003964       @Initialize
 0001:000038D0       @InitializeArray
 0001:000038A0       @InitializeRecord
 0001:00002CDC       @InitImports
 0001:00002CB4       @InitResStringImports
 0001:00002C90       @InitResStrings
 0001:00004898       @IntfAddRef
 0001:00004868       @IntfCast
 0001:00004824       @IntfClear
 0001:0000483C       @IntfCopy
 0001:00002344       @IsClass
 0001:00001FF8       @isNECWindows
 0001:000033B8       @LStrAddRef
 0001:00002F2C       @LStrArrayClr
 0001:00002F5C       @LStrAsg
 0001:000031D0       @LStrCat
 0001:00003214       @LStrCat3
 0001:00003288       @LStrCatN
 0001:00002F08       @LStrClr
 0001:00003314       @LStrCmp
 0001:00003428       @LStrCopy
 0001:00003468       @LStrDelete
 0001:00003178       @LStrFromArray
 0001:000030F0       @LStrFromChar
 0001:00003100       @LStrFromPChar
 0001:00002FF8       @LStrFromPCharLen
 0001:00003130       @LStrFromPWChar
 0001:00003064       @LStrFromPWCharLen
 0001:0000316C       @LStrFromString
 0001:00003190       @LStrFromWStr
 0001:000034B0       @LStrInsert
 0001:00002FA0       @LStrLAsg
 0001:000031C8       @LStrLen
 0001:000035B8       @LStrOfChar
 0001:0000350C       @LStrPos
 0001:00003554       @LStrSetLength
 0001:000033C8       @LStrToPChar
 0001:000031A4       @LStrToString
 0001:00003CDC       @New
 0001:00002FCC       @NewAnsiString
 0001:000035EC       @NewWideString
 0001:000124C4       @OleVarFromLStr
 0001:00012580       @OleVarFromVar
 0001:00001D0C       @Pow10
 0001:00001AD8       @PStrCmp
 0001:00001AB0       @PStrCpy
 0001:00001A80       @PStrNCat
 0001:00001ABC       @PStrNCpy
 0001:0000296C       @RaiseAgain
 0001:00002944       @RaiseExcept
 0001:0000172C       @ReallocMem
 0001:00001988       @ROUND
 0001:00002EFC       @RunError
 0001:00001CF0       @SetEq
 0001:00002C50       @StartExe
 0001:000002CC       @strlen
 0001:00001994       @TRUNC
 0001:000029F0       @TryFinallyExit
 0001:00003420       @UniqueStringA
 0001:00003D80       @ValInt64
 0001:00001BEC       @ValLong
 0001:00013010       @VarAddRef
 0001:000134D8       @VarArrayGet
 0001:000135A4       @VarArrayPut
 0001:0000E660       @VarCast
 0001:0000DF40       @VarClear
 0001:000039A4       @VarClr
 0001:0000DF54       @VarClr
 0001:00013B64       @VarCmpEQ
 0001:00013B84       @VarCmpLT
 0001:00013B74       @VarCmpNE
 0001:00003AB4       @VarCopy
 0001:0000E36C       @VarCopy
 0001:000123A4       @VarFromBool
 0001:00012230       @VarFromByte
 0001:000123F4       @VarFromCurr
 0001:0001234C       @VarFromCurrency
 0001:00012378       @VarFromDate
 0001:00012498       @VarFromDisp
 0001:00012320       @VarFromDouble
 0001:000121D4       @VarFromInt
 0001:000122D0       @VarFromInt64
 0001:00012210       @VarFromInteger
 0001:0001246C       @VarFromIntf
 0001:00012270       @VarFromLongWord
 0001:00012408       @VarFromLStr
 0001:000123CC       @VarFromReal
 0001:00012290       @VarFromShortInt
 0001:000122FC       @VarFromSingle
 0001:000122B0       @VarFromSmallInt
 0001:000123E0       @VarFromTDateTime
 0001:00012250       @VarFromWord
 0001:00012434       @VarFromWStr
 0001:0000DCA8       @VarNull
 0001:0000E3B0       @VarStringToOleStr
 0001:0000FAE4       @VarToBoolean
 0001:0000EF24       @VarToByte
 0001:00010CA8       @VarToCurrency
 0001:00010740       @VarToDate
 0001:00012128       @VarToDisp
 0001:0000FFEC       @VarToDouble
 0001:0000F4E8       @VarToInt64
 0001:0000EA24       @VarToInteger
 0001:0001205C       @VarToIntf
 0001:0000F19C       @VarToLongWord
 0001:0001135C       @VarToLStr
 0001:0000EE74       @VarToShortInt
 0001:00010368       @VarToSingle
 0001:0000EFCC       @VarToSmallInt
 0001:0000F0C4       @VarToWord
 0001:00011A84       @VarToWStr
 0001:0000362C       @WStrArrayClr
 0001:00003650       @WStrAsg
 0001:00003614       @WStrClr
 0001:0000378C       @WStrCmp
 0001:00003810       @WStrCopy
 0001:00003760       @WStrFromLStr
 0001:00003674       @WStrFromPCharLen
 0001:00003724       @WStrFromPWChar
 0001:00003700       @WStrFromPWCharLen
 0001:00003780       @WStrLen
 0001:0000385C       @WStrSetLength
 0001:00003770       @WStrToPWChar
 0001:00001CCC       @_CLenToPasStr
 0001:00001CC0       @_CToPasStr
 0001:00001854       @_IOTest
 0001:00003D5C       @_llmul
 0001:0003FC00       AbsMin
 0001:0000AA8C       AbstractErrorHandler
 0002:0000202C       AbstractErrorProc
 0002:00000140       AccessMode
 0001:000017BC       AcquireExceptionObject
 0001:00016A1C       ActivateClassGroup
 0001:000055D0       ActivateKeyboardLayout
 0002:00002B7C       ActiveDrag
 0001:00014690       ActiveX
 0001:0004EF04       ActnList
 0001:000003F8       AddBlockAfter
 0002:00000578       AddDataModule
 0001:00006D78       AddExitProc
 0001:00019AF4       AddFinished
 0001:00052700       AddIn
 0001:000046B8       AddModuleUnloadProc
 0001:000046C8       AddModuleUnloadProc
 0001:00019B2C       AddNotFinished
 0001:0001A550       AddSubComponentsToLoaded
 0001:00021D3C       AdjustColor
 0001:0002E770       AdjustColors
 0001:00059718       Adjustment
 0001:000055D8       AdjustWindowRectEx
 0002:00000A00       Alignments
 0002:00000F50       Alignments
 0002:00000D20       Alignments
 0002:00000D10       Alignments
 0002:00000F60       Alignments
 0002:00000C6C       Alignments
 0001:0004526C       AlignWork
 0001:00060610       AlignWork
 0001:0001DC44       AllocateHWnd
 0001:0002ADA0       AllocFilterStr
 0001:00006D2C       AllocMem
 0002:000025B4       AllocMemCount
 0002:000025B8       AllocMemSize
 0001:00027000       AllocPatternBitmap
 0001:00004EFC       AllocTlsBuffer
 0002:00000D3C       AnchorAlign
 0002:00000D30       AnimateWindowProc
 0002:00000E38       AnimationStyle
 0001:00006F58       AnsiCompareStr
 0001:00006F90       AnsiCompareText
 0001:0002FE8C       AnsiContainsText
 0001:000075A0       AnsiLastChar
 0001:000055E0       AnsiLower
 0001:00006F24       AnsiLowerCase
 0001:0000B444       AnsiLowerCaseFileName
 0001:0000B40C       AnsiPos
 0001:00056F14       AnsiSameCaption
 0001:00006FC8       AnsiSameText
 0001:00006FE0       AnsiStrLIComp
 0001:0000B4D0       AnsiStrPos
 0001:0000B570       AnsiStrRScan
 0001:0000B598       AnsiStrScan
 0001:00004C98       AnsiToUtf8
 0001:00006EF0       AnsiUpperCase
 0001:00011FE4       AnyToIntf
 0001:00008A04       AppendChars
 0001:00008DC8       AppendFormat
 0001:00008A68       AppendNumber
 0001:00008A48       AppendString
 0002:00002BE0       Application
 0002:00000588       ApplicationHandleException
 0002:00000590       ApplicationShowException
 0002:0000108C       AppVisible
 0002:000010A0       ArrowKey
 0001:0000AA70       AssertErrorHandler
 0002:00002024       AssertErrorProc
 0001:000140B8       AssignLongStr
 0001:0001445C       AssignVariant
 0002:0000260C       avail
 0001:000076DC       BackfillGetDiskFreeSpaceEx
 0001:00042794       BackgroundClipped
 0001:0000CAF8       BackupVarBoolFromStr
 0001:0000CC58       BackupVarBStrFromBool
 0001:0000CB78       BackupVarBStrFromCy
 0001:0000CBE8       BackupVarBStrFromDate
 0001:0000CA8C       BackupVarCyFromStr
 0001:0000CA20       BackupVarDateFromStr
 0001:0000C8DC       BackupVarI4FromStr
 0001:0000C888       BackupVariantChangeTypeEx
 0001:0000C948       BackupVarR4FromStr
 0001:0000C9B4       BackupVarR8FromStr
 0002:00000438       BaseTypeMap
 0001:0000B064       Beep
 0001:000055E8       BeginDeferWindowPos
 0001:00016D74       BeginGlobalLoading
 0001:000055F0       BeginPaint
 0001:00021D48       BetterSize
 0001:00053574       BiDiDraw
 0001:00005388       BitBlt
 0002:00000B84       BitBtnCaptions
 0002:00002AC0       BitBtnGlyphs
 0002:00000894       BitmapCanvasList
 0002:000028AC       BitmapImageLock
 0001:0000C8C4       BiUnimplemented
 0001:0006EA40       BlankStr
 0002:000005B0       BlockCode
 0002:000025E4       blockDescBlockList
 0002:000025E8       blockDescFreeList
 0002:0000055C       BooleanIdents
 0002:00000434       BooleanToStringRule
 0001:00007438       BoolToStr
 0001:000110E4       BoolToWStrViaOS
 0002:000009F8       BorderStyles
 0002:00000C64       BorderStyles
 0001:00015D34       Bounds
 0001:00005040       Bounds
 0002:00000EF8       Breaks
 0002:000028E4       BrushManager
 0001:000677C0       Build
 0001:00055D28       BuildImage
 0002:000009A0       ButtonCaptions
 0002:00000BB4       ButtonCount
 0002:00000974       ButtonNames
 0002:00000F74       Buttons
 0001:00032640       Buttons
 0002:00000D08       ButtonStyles
 0002:00002A78       ButtonWidths
 0001:00021528       BytesPerScanline
 0001:00021880       ByteSwapColors
 0001:0000B148       ByteToCharIndex
 0001:0000B120       ByteToCharLen
 0001:0000B0E4       ByteType
 0001:0000B06C       ByteTypeTest
 0002:00002BC8       CachedComCtrlVer
 0001:0006A8B4       CalcAxis
 0001:00069B8C       CalcAxis
 0001:00069DD0       CalcAxisState
 0001:00069C18       CalcFixedAxis
 0001:0001DB80       CalcJmpOffset
 0001:00069D2C       CalcMaxCell
 0001:0006BCE8       CalcPageExtents
 0001:0006B5E4       CalcScroll
 0001:0006AC4C       CalcScrollBar
 0001:0006B948       CalcSizeInfo
 0001:0004CF70       CalcSplitterPos
 0001:000055F8       CallNextHookEx
 0001:0000BD98       CallTerminateProcs
 0001:00005600       CallWindowProc
 0001:00040C38       CancelDrag
 0002:000028E8       CanvasList
 0002:00002B90       CanvasList
 0002:0000094C       Captions
 0002:00000DF4       CaptureControl
 0001:00067D94       CaretPos
 0002:00000E98       cBooleanToItemAutoFlag
 0002:00000468       CBooleanToRelationship
 0001:0002A6B0       CenterWindow
 0002:00002AAE       CF_COMPONENT
 0002:00002AAC       CF_PICTURE
 0002:00002818       ChangeAnyProc
 0001:0003F164       ChangeBiDiModeAlignment
 0002:00000CBC       CharCases
 0002:00000C8C       CharCases
 0001:00003028       CharFromWChar
 0001:0000B31C       CharLength
 0001:00005608       CharLowerBuff
 0001:00005610       CharNext
 0001:0000024C       CharNext
 0001:0001FC14       CharsetToIdent
 0001:0000B230       CharToByteIndex
 0001:0000B294       CharToByteLen
 0001:00005618       CharToOemA
 0001:00005620       CharUpperBuff
 0001:00022310       CheckBool
 0001:000025D4       CheckJmp
 0001:00005628       CheckMenuItem
 0002:00000EE8       Checks
 0001:0001A58C       CheckSubComponents
 0001:0001C958       CheckSynchronize
 0001:0005914C       CheckTaskWindow
 0001:000126D0       CheckType
 0001:000408EC       CheckUndock
 0001:0000AF58       CheckWin32Version
 0002:00000450       CInvalidCustomVariantType
 0002:00000E9C       cItemAutoFlagToBoolean
 0002:00000E94       cItemAutoFlagToMenu
 0001:0001DDD0       Classes
 0001:000167E0       ClassNotFound
 0002:00002814       ClearAnyProc
 0001:0001F4A4       ClearColor
 0001:0006FEC8       ClearExcepInfo
 0001:0006E7E8       ClearItem
 0001:00013710       ClearVariantTypeList
 0001:00005630       ClientToScreen
 0001:0004A514       ClientToWindow
 0001:0002FD48       Clipboard
 0002:0000088C       ClipboardFormats
 0001:0002FE34       Clipbrd
 0001:00005638       CloseClipboard
 0001:00005178       CloseHandle
 0002:00002980       CloseThemeData
 0001:0001463C       CLSIDFromProgID
 0002:00002040       CmdLine
 0002:0000203C       CmdShow
 0002:00000E90       cMenuAutoFlagToItem
 0002:00000474       CmpTypeMap
 0001:0000C8D0       CmpUnimplemented
 0002:000010B4       CoAddRefServerProcess
 0001:00014634       CoCreateInstance
 0002:000010AC       CoCreateInstanceEx
 0002:000010C4       CoInitFlags
 0001:00014624       CoInitialize
 0002:000010B0       CoInitializeEx
 0002:0000060C       Colors
 0001:0001FA0C       ColorToIdent
 0002:00000A0C       ColorToPretyName
 0001:0001F9FC       ColorToRGB
 0002:00000CA8       ComboBoxStyles
 0002:00002C18       ComClassManagerVar
 0001:0006F2D4       ComConst
 0002:00002B18       ComCtlVersion
 0001:000329E4       ComCtrls
 0002:00002BDC       CommandPool
 0001:000276F4       CommCtrl
 0001:00029FA4       CommDlg
 0001:000006D8       Commit
 0002:00002628       committedRoot
 0001:00070190       ComObj
 0001:00067B2C       CompareExtents
 0001:00051CE4       CompareFront
 0001:00006E58       CompareMem
 0001:00006E28       CompareStr
 0001:00005180       CompareString
 0001:00006E78       CompareText
 0001:00007360       CompareWith
 0001:0001A66C       ComponentCreated
 0001:000220E0       ComputeAldusChecksum
 0001:0002F7E8       ComStrs
 0001:0001E144       Consts
 0001:000275F8       Contnrs
 0002:00002B4E       ControlAtom
 0002:00002B54       ControlAtomString
 0001:0005DEE0       ControlHasHelp
 0001:0004DC0C       Controls
 0001:0000A484       ConvertAddr
 0001:00008B58       ConvertEraString
 0001:00006D08       ConvertErrorFmt
 0001:00008CC0       ConvertYearString
 0001:00003FC0       CopyArray
 0001:000245F0       CopyBitmap
 0001:00024CB8       CopyBitmapAsMask
 0001:00005390       CopyEnhMetaFile
 0001:00032440       CopyImage
 0001:00024C54       CopyPalette
 0002:00000C00       Copyright
 0001:00054DD4       CopyToBest
 0002:000010B8       CoReleaseServerProcess
 0002:000010BC       CoResumeClassObjects
 0002:000010C0       CoSuspendClassObjects
 0001:0001462C       CoUninitialize
 0001:0000B1A0       CountChars
 0002:000028C4       CounterLock
 0001:0006E5C8       CountItem
 0002:00000454       CRangeToType
 0001:0000A9B4       CreateAssertException
 0001:0000AB3C       CreateAVObject
 0001:00005398       CreateBitmap
 0001:000053A0       CreateBrushIndirect
 0001:000053A8       CreateCompatibleBitmap
 0001:000053B0       CreateCompatibleDC
 0001:0001A6EC       CreateComponent
 0001:000053C0       CreateDIBitmap
 0001:000053B8       CreateDIBSection
 0001:00005188       CreateEvent
 0001:00005190       CreateFile
 0001:000053C8       CreateFontIndirect
 0001:000053D0       CreateHalftonePalette
 0001:00005640       CreateIcon
 0001:0000A8E0       CreateInOutError
 0001:00005648       CreateMenu
 0001:0002BAA0       CreateMessageDialog
 0001:0006F690       CreateOleObject
 0001:000053D8       CreatePalette
 0001:000053E0       CreatePenIndirect
 0001:00005650       CreatePopupMenu
 0001:000053E8       CreateSolidBrush
 0001:000218D8       CreateSystemPalette
 0001:00005198       CreateThread
 0001:00005C68       CreateWindow
 0001:00005C10       CreateWindowEx
 0002:00000D34       CreationControl
 0002:000008E8       CreationControl
 0002:00000548       CRelationshipToBoolean
 0002:00000418       CResult
 0002:00000138       cSimpleBoolStrs
 0002:000004F0       CText
 0002:00000E30       Ctl3DStyles
 0002:00000D00       Ctl3DStyles
 0001:00067D60       Ctrl
 0002:00000544       CTruth
 0002:00002620       curAlloc
 0001:00012964       CurrCompare
 0002:0000268C       CurrencyDecimals
 0002:00002688       CurrencyFormat
 0002:00002684       CurrencyString
 0001:000089F0       CurrentYear
 0001:00008588       CurrToStr
 0001:00011074       CurrToWStrViaOS
 0002:00001010       CursorMap
 0002:00000D44       Cursors
 0001:0003F484       CursorToIdent
 0002:00001000       cUseAlpha
 0002:00001008       cUseColorKey
 0002:00000310       CVarTypeToElementInfo
 0001:000070B4       CvtInt
 0001:00007120       CvtInt64
 0002:00000178       CWNear
 0001:0001293C       DateCompare
 0002:0000268D       DateSeparator
 0001:000095D8       DateTimeToStr
 0001:0000957C       DateTimeToString
 0001:00008648       DateTimeToTimeStamp
 0001:000110AC       DateToWStrViaOS
 0001:000089C8       DayOfWeek
 0002:00000174       DCon10
 0002:00000608       DDBsOnly
 0001:0001DCF8       DeallocateHWnd
 0002:00000028       DebugHook
 0002:0000268B       DecimalSeparator
 0001:000089A8       DecodeDate
 0001:0000885C       DecodeDateFully
 0001:000086FC       DecodeTime
 0001:0000076C       Decommit
 0001:00000D88       DecommitFree
 0002:000025FC       decommittedRoot
 0001:00061238       Default
 0001:0005BB68       Default
 0002:00000020       Default8087CW
 0002:00001094       DefaultBlank
 0002:00000D38       DefaultDockTreeClass
 0002:000025C0       DefaultUserCodePage
 0002:0000085C       DefBrushData
 0001:00005670       DeferWindowPos
 0002:000005DC       DefFontData
 0001:00005658       DefFrameProc
 0002:00000204       DefLongDayNames
 0002:000001B8       DefLongMonthNames
 0001:00005660       DefMDIChildProc
 0002:0000083C       DefPenData
 0002:000001E8       DefShortDayNames
 0002:00000188       DefShortMonthNames
 0001:00005668       DefWindowProc
 0001:0000420C       DelayLoadResourceModule
 0001:00000428       DeleteBlock
 0001:000051A0       DeleteCriticalSection
 0001:00000398       DeleteCriticalSection
 0001:000053F0       DeleteDC
 0001:000053F8       DeleteEnhMetaFile
 0001:00000BD0       DeleteFree
 0001:00005678       DeleteMenu
 0001:00005400       DeleteObject
 0001:0003A6A8       DeleteSelectedText
 0001:000241AC       DeselectBitmap
 0001:00005680       DestroyCursor
 0001:00005688       DestroyIcon
 0001:00032570       DestroyLocals
 0001:00005690       DestroyMenu
 0001:00005698       DestroyWindow
 0001:0006E184       Detector
 0001:0003C88C       DialogEnumerationTester
 0001:0002A764       DialogHook
 0001:0002C2F0       Dialogs
 0002:00000898       DIBPalSizes
 0002:0000008C       dig
 0001:00058FA0       DisableTaskWindows
 0001:0006F8DC       DispatchInvoke
 0001:0006FEBC       DispatchInvokeError
 0001:000056A0       DispatchMessage
 0001:0005F1C0       DispatchShortCut
 0001:0006FED8       DispCall
 0001:0006FFBC       DispCallByID
 0002:00002000       DispCallByIDProc
 0001:0006FDE8       DispCallError
 0001:0006DD1C       DisposeStrItem
 0001:00006CEC       DivMod
 0001:00029FDC       Dlgs
 0001:000450FC       DoAlign
 0001:000604C4       DoAlign
 0001:00069A24       DoCalc
 0001:000491F4       DoCalcConstraints
 0001:00069A8C       DoCalcRightToLeft
 0001:0006A214       DoChange
 0002:00002B84       DockSiteList
 0001:000559F4       DoClick
 0001:00068BFC       DoColWidths
 0001:00046840       DoControlMsg
 0001:00058F50       DoDisableWindow
 0001:00040218       DoDragOver
 0001:00006D4C       DoExitProc
 0001:0004B244       DoFindControlZone
 0001:0005908C       DoFindWindow
 0001:0004B7D0       DoFindZone
 0001:0004B2C8       DoForEach
 0001:0004CBD4       DoGetNextLimit
 0001:00058F18       DoneApplication
 0001:0004D934       DoneControls
 0001:0000AE68       DoneExceptions
 0001:0005D53C       DoNestedActivation
 0001:0001C918       DoneThreadSynchronization
 0001:00044CBC       DoPosition
 0001:00060314       DoPosition
 0001:0004C1FC       DoPrune
 0001:0002DC30       DoRect
 0001:00068C40       DoRowHeights
 0001:0004C6D4       DoSaveZone
 0001:0004C8D8       DoSetNewBounds
 0001:000686A4       DoSizeAdjust
 0002:00000564       DotSep
 0001:0006B8B4       DoUpdate
 0002:00000BB8       DownStyles
 0001:00017BC0       DoWrite
 0001:00050344       DoWrite
 0001:00022568       DoWrite
 0001:000232C8       DoWrite
 0001:00045E28       DoWriteDesignSize
 0001:00043894       DoWriteIsControl
 0002:00002B68       DragCapture
 0002:00002B5C       DragControl
 0001:00040960       DragDone
 0001:000401C8       DragFindTarget
 0001:0004019C       DragFindWindow
 0002:00002B80       DragImageList
 0001:000405B8       DragInit
 0001:00040728       DragInitControl
 0002:00002B64       DragInternalObject
 0001:000400E4       DragMessage
 0002:00002B60       DragObject
 0002:00002B8C       DragSave
 0002:00002B74       DragSaveCursor
 0002:00002B6C       DragStartPos
 0002:00002B78       DragThreshold
 0001:000402E8       DragTo
 0001:00061274       DrawAppIcon
 0001:00068F7C       DrawAxisLines
 0001:000691F4       DrawCells
 0001:0004BD68       DrawCloseButton
 0001:000056A8       DrawEdge
 0001:000056B0       DrawFocusRect
 0001:000056B8       DrawFrameControl
 0001:0004BDC0       DrawGrabberLine
 0001:000056C0       DrawIcon
 0001:000056C8       DrawIconEx
 0002:00000E6C       DrawingStyles
 0001:00069164       DrawLines
 0001:000056D0       DrawMenuBar
 0001:00056D34       DrawMenuItem
 0001:000056D8       DrawText
 0002:00002984       DrawThemeBackground
 0002:000029A8       DrawThemeEdge
 0002:000029AC       DrawThemeIcon
 0002:00002A30       DrawThemeParentBackground
 0002:00002988       DrawThemeText
 0001:000213A8       DupBits
 0001:00003FD8       DynArrayClear
 0001:00003FE0       DynArraySetLength
 0002:00000F58       EdgeStyle
 0002:00000E20       EdgeStyles
 0002:00000CF0       EdgeStyles
 0001:0000A8B4       EHeapException.FreeInstance
 0001:000056E0       EmptyClipboard
 0001:000127C8       EmptyCompare
 0002:00002800       EmptyParam
 0002:000000BC       EmptyStr
 0002:000000C0       EmptyWideStr
 0001:000056E8       EnableMenuItem
 0002:00000EF0       Enables
 0001:000056F0       EnableScrollBar
 0001:00059054       EnableTaskWindows
 0002:00002A18       EnableThemeDialogTexture
 0002:00002A34       EnableTheming
 0001:000056F8       EnableWindow
 0001:00005700       EndDeferWindowPos
 0001:00016DFC       EndGlobalLoading
 0001:00005708       EndPaint
 0001:00000388       EnterCriticalSection
 0001:000051A8       EnterCriticalSection
 0001:000051B0       EnumCalendarInfoA
 0001:00005710       EnumClipboardFormats
 0002:00002918       EnumDisplayMonitors
 0001:0000A0F8       EnumEraNames
 0001:0000A134       EnumEraYearOffsets
 0001:0005C12C       EnumMonitorsProc
 0001:00005718       EnumThreadWindows
 0001:00019E9C       EnumValue
 0001:00005720       EnumWindows
 0001:0006F568       EOleException.Create
 0001:0006F498       EOleSysError.Create
 0001:00005728       EqualRect
 0002:00002754       EraNames
 0001:00009850       EraToYear
 0002:00002770       EraYearOffsets
 0002:00000064       errCaption
 0001:00019680       Error
 0001:00001848       Error
 0001:00016384       Error
 0001:00051A34       Error
 0002:00000004       ErrorAddr
 0001:000017FC       ErrorAt
 0001:0000A960       ErrorHandler
 0002:00000220       ErrorMap
 0002:00002008       ErrorProc
 0002:000023E8       ErrOutput
 0001:0000179C       ExceptAddr
 0002:0000200C       ExceptClsProc
 0001:0000ADD4       ExceptHandler
 0001:0000A6E0       Exception.Create
 0001:0000A71C       Exception.CreateFmt
 0001:0000A86C       Exception.CreateHelp
 0001:0000A79C       Exception.CreateRes
 0001:0000A7D8       Exception.CreateResFmt
 0002:0000201C       ExceptionClass
 0001:0000A490       ExceptionErrorMessage
 0002:00000258       ExceptMap
 0001:0000177C       ExceptObject
 0002:00002010       ExceptObjProc
 0002:00002004       ExceptProc
 0001:00005408       ExcludeClipRect
 0002:00000000       ExitCode
 0001:00002D5C       ExitDll
 0002:00002048       ExitProc
 0001:00000254       ExitProcess
 0002:00002028       ExitProcessProc
 0002:00000134       ExitProcList
 0001:0006DEEC       ExpandDir
 0001:000076A0       ExpandFileName
 0001:0002AA3C       ExplorerHook
 0001:0003282C       ExtActns
 0001:00005410       ExtCreatePen
 0001:0002F788       ExtCtrls
 0001:00032698       ExtDlgs
 0001:00007658       ExtractFileExt
 0001:0002B0B4       ExtractFileName
 0001:00007620       ExtractFileName
 0001:0002B0FC       ExtractFileNames
 0001:00005418       ExtTextOut
 0002:00002790       FalseBoolStrs
 0002:00002AB4       FClipboard
 0002:00000168       FCon1E18
 0001:00007598       FileClose
 0001:000074DC       FileCreate
 0001:00007500       FileCreate
 0002:00000890       FileFormats
 0002:00000008       FileMode
 0001:00007484       FileOpen
 0001:00007508       FileRead
 0002:000005A0       FilerSignature
 0001:00007560       FileSeek
 0001:00007534       FileWrite
 0001:00000CB8       FillAfterGap
 0001:00000C64       FillBeforeGap
 0001:00068F28       FillDWord
 0001:00000D50       FillerSizeAfterGap
 0001:00000CE0       FillerSizeBeforeGap
 0001:00005730       FillRect
 0002:00000BC0       FillStyles
 0001:0001DD20       Finalization
 0001:0001E114       Finalization
 0001:00029E90       Finalization
 0001:00029FAC       Finalization
 0001:00029EC8       Finalization
 0001:000732E4       Finalization
 0001:00029F34       Finalization
 0001:00057010       Finalization
 0001:00028EEC       Finalization
 0001:00029F74       Finalization
 0001:0000505C       Finalization
 0001:00029210       Finalization
 0001:00004FE4       Finalization
 0001:0006F24C       Finalization
 0001:000732AC       Finalization
 0001:000293BC       Finalization
 0001:0006F2A4       Finalization
 0001:00028EB4       Finalization
 0001:00066000       Finalization
 0001:0003CB04       Finalization
 0001:00063EF8       Finalization
 0001:0003BE80       Finalization
 0001:00063478       Finalization
 0001:00028E6C       Finalization
 0001:00004DB4       Finalization
 0001:0000C668       Finalization
 0001:0003BD18       Finalization
 0001:00027E84       Finalization
 0001:0004EED4       Finalization
 0001:00027E44       Finalization
 0001:000335C8       Finalization
 0001:00070110       Finalization
 0001:0003296C       Finalization
 0001:00027038       Finalization
 0001:00032834       Finalization
 0001:000327DC       Finalization
 0001:00032784       Finalization
 0001:00032720       Finalization
 0001:0004DBA4       Finalization
 0001:000276C4       Finalization
 0001:00014660       Finalization
 0001:0000D034       Finalization
 0001:000326B8       Finalization
 0001:00032668       Finalization
 0001:00006108       Finalization
 0001:00032608       Finalization
 0001:00005DF0       Finalization
 0001:00005DB8       Finalization
 0001:00050A94       Finalization
 0001:00029D40       Finalization
 0001:00013B94       Finalization
 0001:00070918       Finalization
 0001:00014598       Finalization
 0001:0002FEFC       Finalization
 0001:0002FDF8       Finalization
 0001:0002F7B8       Finalization
 0001:0002F740       Finalization
 0001:00029DB0       Finalization
 0001:00029DE8       Finalization
 0001:000275C8       Finalization
 0001:00029E20       Finalization
 0001:00029E58       Finalization
 0001:0002C294       Finalization
 0001:00027310       Finalization
 0001:00013DD0       Finalization
 0001:00003FD0       FinalizeArray
 0001:00002B90       FinalizeUnits
 0001:000557B4       Find
 0001:0000427C       FindBS
 0001:000168A0       FindClass
 0001:00004204       FindClassHInstance
 0001:00000264       FindClose
 0001:00000C34       FindCommitted
 0001:0003F264       FindControl
 0001:0004B9FC       FindControlAtPos
 0001:00013A6C       FindCustomVariantType
 0001:000139B4       FindCustomVariantType
 0001:00040C84       FindDragTarget
 0001:0001A89C       FindExistingComponent
 0001:0000026C       FindFirstFile
 0001:00059198       FindGlobalComponent
 0001:00016C8C       FindGlobalComponent
 0002:00002864       FindGlobalComponentProcs
 0001:000041DC       FindHInstance
 0001:00016B34       FindIdentToInt
 0002:00002A74       FindMsg
 0001:00019A2C       FindNestedComponent
 0001:000519FC       FindPopupControl
 0001:0000CCFC       FindProc
 0001:000051B8       FindResource
 0001:00004254       FindResourceHInstance
 0001:00062CCC       FindScanline
 0001:000590F0       FindTopMostWindow
 0001:0001B780       FindUniqueName
 0001:00013304       FindVarData
 0001:00040C50       FindVCLWindow
 0001:00005738       FindWindow
 0001:0003C8E4       FindWinHelp
 0001:000245A4       FixupBitFields
 0002:00000F68       Flags
 0002:000027A0       FLanguages
 0001:00029240       FlatSB
 0002:00002944       FlatSB_EnableScrollBar
 0002:00002950       FlatSB_GetScrollInfo
 0002:00002954       FlatSB_GetScrollPos
 0002:0000294C       FlatSB_GetScrollRange
 0002:0000295C       FlatSB_SetScrollInfo
 0002:00002958       FlatSB_SetScrollPos
 0001:00028F30       FlatSB_SetScrollProp
 0002:00002960       FlatSB_SetScrollRange
 0002:00002948       FlatSB_ShowScrollBar
 0001:00008218       FloatToDecimal
 0001:00008558       FloatToStr
 0001:00007F44       FloatToText
 0001:00001A1C       Flush
 0002:0000017C       FMSecsPerDay
 0001:00007E40       FmtStr
 0002:00000F84       FocusCount
 0002:00000F80       FocusMessages
 0002:000007AC       FontCharsets
 0002:000028DC       FontManager
 0002:000008E4       ForceCurrentDirectory
 0001:0005916C       ForegroundTask
 0001:00007E2C       Format
 0002:00000184       Format
 0001:00007A34       FormatBuf
 0001:00007A28       FormatClearStr
 0001:000079AC       FormatError
 0002:00000160       FormatErrorStrs
 0001:000051C0       FormatMessage
 0001:00007A04       FormatVarToStr
 0001:000634D4       Forms
 0001:00067D44       ForwardMovement
 0001:00001D04       FPower10
 0002:000008E0       FPrinter
 0001:0002DCF4       Frame3D
 0001:00005740       FrameRect
 0001:0000C248       FreeAndNil
 0001:000009A0       FreeCommitted
 0001:00000EC0       FreeCurAlloc
 0001:00040D44       FreeDeviceContext
 0001:00040E00       FreeDeviceContexts
 0001:0001DAEC       FreeIntConstList
 0001:0006ECB4       FreeItem
 0001:00000274       FreeLibrary
 0001:000051C8       FreeLibrary
 0001:00024100       FreeMemoryContexts
 0001:0001DC20       FreeObjectInstance
 0001:00059218       FreeObjectInstance
 0001:000051D8       FreeResource
 0001:00000620       FreeSpace
 0001:0000BDB4       FreeTerminateProcs
 0001:000293F4       FreeThemeLibrary
 0002:00002B14       FRichEditModule
 0001:00021398       GDICheck
 0001:000212F0       GDIError
 0001:00001944       Get8087CW
 0001:000051E0       GetACP
 0001:00005748       GetActiveWindow
 0001:000609A0       GetAnimation
 0001:0002B3FC       GetAveCharSize
 0001:00005420       GetBitmapBits
 0001:000003A0       GetBlockDesc
 0001:00005428       GetBrushOrgEx
 0001:00005750       GetCapture
 0001:0003F580       GetCaptureControl
 0001:00005758       GetCaretPos
 0001:0001684C       GetClass
 0001:00005760       GetClassInfo
 0001:00005768       GetClassName
 0001:00005770       GetClientRect
 0001:00005778       GetClipboardData
 0001:00022D6C       GetClipboardFormats
 0001:00005430       GetClipBox
 0001:0000033C       GetCmdShow
 0001:0004F12C       GetColor
 0001:0003290C       GetComCtlVersion
 0001:0000027C       GetCommandLine
 0001:000007EC       GetCommitted
 0001:0000087C       GetCommittedAt
 0001:000463F4       GetControlAtPos
 0001:00008AB4       GetCount
 0001:000051E8       GetCPInfo
 0001:00005438       GetCurrentPositionEx
 0001:000051F0       GetCurrentProcessId
 0002:00002A28       GetCurrentThemeName
 0001:000051F8       GetCurrentThreadId
 0001:0000032C       GetCurrentThreadId
 0001:00005B74       GetCurrentTime
 0001:00005780       GetCursor
 0001:00062CDC       GetCursorHeightMargin
 0001:00005788       GetCursorPos
 0001:00008AE0       GetDate
 0001:00005200       GetDateFormat
 0001:00009768       GetDateOrder
 0001:00005790       GetDC
 0001:00005798       GetDCEx
 0001:00005440       GetDCOrgEx
 0001:00026C48       GetDefFontCharSet
 0001:000057A0       GetDesktopWindow
 0001:00005458       GetDeviceCaps
 0001:000222F8       GetDIB
 0001:00005448       GetDIBColorTable
 0001:00005450       GetDIBits
 0001:00022240       GetDIBSizes
 0001:00021508       GetDInColors
 0001:00005208       GetDiskFreeSpaceA
 0002:00000130       GetDiskFreeSpaceEx
 0001:000057A8       GetDlgItem
 0001:0004CCB4       GetDockAlign
 0001:0003FF28       GetDockSiteAtPos
 0001:000057B0       GetDoubleClickTime
 0001:00040254       GetDropCtl
 0001:00002384       GetDynaMethod
 0001:00005460       GetEnhMetaFileBits
 0001:00005468       GetEnhMetaFileHeader
 0001:00005470       GetEnhMetaFilePaletteEntries
 0001:00013E40       GetEnumNameValue
 0001:00013E8C       GetEnumValue
 0001:0000A1AC       GetEraNamesAndYearOffsets
 0001:000097FC       GetEraYearOffset
 0001:0001464C       GetErrorInfo
 0001:0000AB24       GetExceptionClass
 0001:0000AD08       GetExceptionObject
 0001:000167D4       GetFieldClassTable
 0001:00022D4C       GetFileFormats
 0001:0000AF78       GetFileVersion
 0001:00005370       GetFileVersionInfo
 0001:00005378       GetFileVersionInfoSize
 0001:000057B8       GetFocus
 0001:0001FC34       GetFontData
 0001:000057C0       GetForegroundWindow
 0001:0000B838       GetFormatSettings
 0001:00005210       GetFullPathName
 0001:0001F1A0       GetHashCode
 0001:0005DF18       GetHelpInfo
 0001:00028304       GetHelpSystem
 0001:00060784       GetHint
 0001:000607BC       GetHintControl
 0001:00056EB0       GetHotkey
 0001:000057C8       GetIconInfo
 0001:0006FC54       GetIDsOfNames
 0001:000057E0       GetKeyboardLayout
 0001:000057E8       GetKeyboardLayoutList
 0001:000057F0       GetKeyboardState
 0001:00001FF0       GetKeyboardType
 0001:000057D0       GetKeyNameText
 0001:000057D8       GetKeyState
 0001:000057F8       GetLastActivePopup
 0001:0004AF7C       GetLastChildZone
 0001:00005218       GetLastError
 0001:00009F70       GetLocaleChar
 0001:00005228       GetLocaleInfo
 0001:00000284       GetLocaleInfo
 0001:00009F24       GetLocaleStr
 0001:00005220       GetLocalTime
 0001:0003F4E8       GetLongHint
 0001:00005800       GetMenu
 0001:0005DEA0       GetMenuHelpContext
 0001:00005808       GetMenuItemCount
 0001:00005810       GetMenuItemID
 0001:00005818       GetMenuItemInfo
 0001:00054000       GetMenuSize
 0001:00005820       GetMenuState
 0001:00005828       GetMenuString
 0001:00005830       GetMessageTime
 0001:0000028C       GetModuleFileName
 0001:00005230       GetModuleFileName
 0001:00004EDC       GetModuleHandle
 0001:00000294       GetModuleHandle
 0001:00005238       GetModuleHandle
 0002:0000290C       GetMonitorInfo
 0002:00002910       GetMonitorInfoA
 0002:00002914       GetMonitorInfoW
 0001:00009FD4       GetMonthDayNames
 0001:00005838       GetNextWindow
 0001:00005478       GetObject
 0001:00029F6C       GetOpenFileName
 0001:00013F60       GetOrdProp
 0001:00005480       GetPaletteEntries
 0001:00005840       GetParent
 0001:0005936C       GetParentForm
 0001:00005488       GetPixel
 0001:0000029C       GetProcAddress
 0001:00005240       GetProcAddress
 0001:00005848       GetProp
 0001:00013EF0       GetPropInfo
 0001:0005982C       GetRealScrollPosition
 0001:0004F10C       GetRGBColor
 0001:00005850       GetScrollInfo
 0001:00005858       GetScrollPos
 0001:00005860       GetScrollRange
 0001:0003F4A4       GetShortHint
 0001:00000544       GetSpace
 0001:000005A8       GetSpaceAt
 0001:00051A8C       GetSpecialName
 0001:000002A4       GetStartupInfo
 0001:00000224       GetStdHandle
 0001:00005248       GetStdHandle
 0001:00005490       GetStockObject
 0001:00005250       GetStringTypeEx
 0001:00005868       GetSubMenu
 0001:00005870       GetSysColor
 0001:00005878       GetSysColorBrush
 0001:00005258       GetSystemInfo
 0001:00005880       GetSystemMenu
 0002:000028FC       GetSystemMetrics
 0001:00005888       GetSystemMetrics
 0001:00005498       GetSystemPaletteEntries
 0001:000054A8       GetTextExtentPoint
 0001:000054A0       GetTextExtentPoint32
 0001:000054B0       GetTextMetrics
 0002:00002A20       GetThemeAppProperties
 0002:0000298C       GetThemeBackgroundContentRect
 0002:00002990       GetThemeBackgroundExtent
 0002:000029A0       GetThemeBackgroundRegion
 0002:000029C4       GetThemeBool
 0002:000029B8       GetThemeColor
 0002:00002A2C       GetThemeDocumentationProperty
 0002:000029CC       GetThemeEnumValue
 0002:000029EC       GetThemeFilename
 0002:000029D4       GetThemeFont
 0002:000029C8       GetThemeInt
 0002:000029E0       GetThemeIntList
 0002:000029DC       GetThemeMargins
 0002:000029BC       GetThemeMetric
 0002:00002994       GetThemePartSize
 0002:000029D0       GetThemePosition
 0002:000029E4       GetThemePropertyOrigin
 0002:000029D8       GetThemeRect
 0002:000029C0       GetThemeString
 0002:000029F8       GetThemeSysBool
 0002:000029F0       GetThemeSysColor
 0002:000029F4       GetThemeSysColorBrush
 0002:00002A00       GetThemeSysFont
 0002:00002A08       GetThemeSysInt
 0002:000029FC       GetThemeSysSize
 0002:00002A04       GetThemeSysString
 0002:00002998       GetThemeTextExtent
 0002:0000299C       GetThemeTextMetrics
 0001:000002AC       GetThreadLocale
 0001:00005260       GetThreadLocale
 0001:00005268       GetTickCount
 0001:00008B18       GetTime
 0001:00004F08       GetTlsSize
 0001:00060F50       GetTopMostWindows
 0001:0003F688       GetTopParent
 0001:00005890       GetTopWindow
 0001:00013E34       GetTypeData
 0001:00013458       GetVarDataArrayInfo
 0001:00000334       GetVersion
 0001:00005270       GetVersion
 0001:00005278       GetVersionEx
 0001:00005898       GetWindow
 0001:000058A0       GetWindowDC
 0001:000058A8       GetWindowLong
 0001:000054C0       GetWindowOrgEx
 0001:000058B0       GetWindowPlacement
 0001:000058B8       GetWindowRect
 0001:000058C0       GetWindowText
 0002:00002A14       GetWindowTheme
 0001:000058C8       GetWindowThreadProcessId
 0001:000058D0       GetWindowThreadProcessId
 0001:000054B8       GetWinMetaFileBits
 0001:00005280       GlobalAddAtom
 0001:00005288       GlobalAlloc
 0001:00005B80       GlobalAllocPtr
 0001:00005290       GlobalDeleteAtom
 0001:00005298       GlobalFindAtom
 0002:00002868       GlobalFixupList
 0001:00019B74       GlobalFixupReferences
 0001:000052A0       GlobalFree
 0001:00005BAC       GlobalFreePtr
 0001:000052B0       GlobalHandle
 0001:000052A8       GlobalLock
 0002:0000284C       GlobalNameSpace
 0001:000052B8       GlobalReAlloc
 0001:00005B90       GlobalReAllocPtr
 0001:000052C0       GlobalUnlock
 0002:00000BB0       GlyphCache
 0001:0002710C       Graphics
 0001:000676D4       GridRect
 0001:0006F27C       Grids
 0001:000169C8       GroupDescendentsWith
 0002:00000568       GUID_NULL
 0001:0000DBD0       HandleConversionException
 0001:0005E120       HandleEdge
 0001:0001AFD8       HandleException
 0001:00037BB4       HasPopup
 0001:0003A67C       HasSelectedText
 0002:00000024       HeapAllocFlags
 0002:000025C8       heapErrorCode
 0002:000025CC       heapLock
 0001:00028EAC       HelpIntfs
 0002:00002938       HelpManager
 0002:00002A70       HelpMsg
 0002:00002B38       HelpViewer
 0002:00002B3C       HelpViewerIntf
 0002:0000012C       HexDisplayPrefix
 0002:00000C98       HideSelections
 0001:0004CD30       HideZone
 0002:00002668       HInstance
 0002:00002BF4       HintDoneEvent
 0001:0006088C       HintGetMsgHook
 0002:00002BF8       HintHook
 0001:00060830       HintMouseThread
 0002:00002BFC       HintThread
 0002:00002BF0       HintThreadID
 0001:000607DC       HintTimerProc
 0002:00000F78       HintWindowClass
 0002:000029A4       HitTestThemeBackground
 0001:000608D0       HookHintHooks
 0001:00005CC0       HwndMSWheel
 0002:00000F0C       IBreaks
 0002:00000F18       IChecks
 0002:00000960       IconIDs
 0002:00000F20       IDefaults
 0001:0001FC24       IdentToCharset
 0001:0001FA1C       IdentToColor
 0001:0003F494       IdentToCursor
 0001:00016BB0       IdentToInt
 0002:00000F28       IEnables
 0001:00054DA4       IfHotkeyAvailable
 0002:00002BCC       ImageListWriteExProc
 0001:00027618       ImageList_Add
 0001:00027638       ImageList_AddIcon
 0001:00027664       ImageList_BeginDrag
 0001:00027600       ImageList_Create
 0001:00027608       ImageList_Destroy
 0001:00027674       ImageList_DragEnter
 0001:0002767C       ImageList_DragLeave
 0001:00027684       ImageList_DragMove
 0001:00027694       ImageList_DragShowNolock
 0001:00027644       ImageList_Draw
 0001:00027654       ImageList_DrawEx
 0001:0002766C       ImageList_EndDrag
 0001:00027630       ImageList_GetBkColor
 0001:0002769C       ImageList_GetDragImage
 0001:000276B4       ImageList_GetIconSize
 0001:00027610       ImageList_GetImageCount
 0001:000276A4       ImageList_Read
 0001:0002765C       ImageList_Remove
 0001:0002764C       ImageList_Replace
 0001:00027620       ImageList_ReplaceIcon
 0001:00027628       ImageList_SetBkColor
 0001:0002768C       ImageList_SetDragCursorImage
 0001:000276BC       ImageList_SetIconSize
 0001:000276AC       ImageList_Write
 0002:00000E7C       Images
 0001:00050AC4       ImgList
 0001:00027EB4       Imm
 0002:00000E60       IMM32DLL
 0001:0004D920       Imm32IsIME
 0002:00000180       IMSecsPerDay
 0001:0000DCBC       InBounds
 0001:0000E060       InBounds
 0001:00067774       Includes
 0001:0000DCEC       Increment
 0001:0000E090       Increment
 0001:000058D8       InflateRect
 0001:00032700       IniFiles
 0001:00000A2C       InitAllocator
 0001:000276FC       InitAnApi
 0002:00002924       InitApis
 0001:00070098       InitComObj
 0001:00016E58       InitComponent
 0002:00002638       InitContext
 0001:0004D9BC       InitControls
 0001:00026C8C       InitDefFontData
 0001:0000BDD4       InitDriveSpacePtr
 0001:0000ADE4       InitExceptions
 0001:00028F8C       InitFlatSB
 0001:0002C140       InitGlobals
 0001:000220F8       InitializeBitmapInfoHeader
 0001:000052C8       InitializeCriticalSection
 0001:00000380       InitializeCriticalSection
 0002:000025C4       initialized
 0001:00028F64       InitializeFlatSB
 0001:00004F94       InitializeModule
 0001:0000CD28       InitializeVarUtils
 0001:0004D5C0       InitIMM32
 0001:00016F00       InitInheritedComponent
 0001:0000B64C       InitLeadBytes
 0001:00027DD8       InitMultiMonStubs
 0001:0000AEE8       InitPlatformId
 0002:00002044       InitProc
 0001:000633EC       InitProcs
 0001:00026C10       InitScreenLogPixels
 0001:0000B6C4       InitSysLocale
 0001:000295B4       InitThemeLibrary
 0001:0001C8E4       InitThreadSynchronization
 0001:00004F10       InitThreadTLS
 0001:00002BF0       InitUnits
 0001:0003F178       InitWndProc
 0002:00000E00       InnerStyles
 0002:00000CD0       InnerStyles
 0002:00002050       Input
 0001:00044C30       InsertBefore
 0001:000602B4       InsertBefore
 0001:00000E38       InsertFree
 0001:00054E58       InsertHotkeyFarEastFormat
 0001:000058E0       InsertMenu
 0001:000058E8       InsertMenuItem
 0002:00002884       InstBlockList
 0002:00002888       InstFreeList
 0001:000128D8       Int64Compare
 0001:000128C4       IntCompare
 0002:0000285C       IntConstList
 0001:0000BE3C       InterlockedDecrement
 0001:00000324       InterlockedDecrement
 0001:0000BE48       InterlockedExchange
 0001:000051D0       InterlockedExchange
 0001:0000BE50       InterlockedExchangeAdd
 0001:0000BE30       InterlockedIncrement
 0001:0000031C       InterlockedIncrement
 0001:0001F12C       InternalDeletePalette
 0001:000019D4       InternalFlush
 0001:00000C94       InternalFreeMem
 0001:00022248       InternalGetDIB
 0001:000221DC       InternalGetDIBSizes
 0001:00016CF0       InternalReadComponentRes
 0002:00002B20       InternalServices
 0001:000033D4       InternalUniqueString
 0001:000054C8       IntersectClipRect
 0001:000058F0       IntersectRect
 0001:00027208       IntPower
 0001:00007214       IntToHex
 0001:00016BF0       IntToIdent
 0001:000071EC       IntToStr
 0001:00007100       IntToStr
 0001:000058F8       InvalidateRect
 0001:00021278       InvalidBitmap
 0001:00021260       InvalidGraphic
 0001:00021284       InvalidIcon
 0001:00021290       InvalidMetafile
 0001:000676BC       InvalidOp
 0001:00021248       InvalidOperation
 0001:00015D5C       InvalidPoint
 0002:0000279C       InvalidPointer
 0001:0000223C       InvokeImplGetter
 0001:000018C8       IOResult
 0002:00000F48       IOwnerDraw
 0002:00000F30       IRadios
 0002:00000F40       IRTL
 0001:000592FC       IsAccel
 0001:00056008       IsAccelChar
 0002:00002A10       IsAppThemed
 0001:0003FCE0       IsBeforeTargetWindow
 0001:00005900       IsCharAlpha
 0001:00005908       IsCharAlphaNumeric
 0001:00005910       IsChild
 0002:0000204C       IsConsole
 0001:0000B3C8       IsDelimiter
 0001:0004013C       IsDelphiHandle
 0001:00005918       IsDialogMessage
 0002:00000F38       ISeparators
 0001:00005920       IsIconic
 0001:00056064       IsInitialChar
 0001:000657CC       IsKatakana
 0001:00008758       IsLeapYear
 0002:00002038       IsLibrary
 0001:00063B60       IsLiteralChar
 0002:0000204D       IsMultiThread
 0001:0004A9E0       IsOrientationSet
 0001:0000B394       IsPathDelimiter
 0001:00005928       IsRectEmpty
 0001:0003FEE4       IsSiteChildOfClient
 0002:00002A0C       IsThemeActive
 0002:000029B4       IsThemeBackgroundPartiallyTransparent
 0002:00002A1C       IsThemeDialogTextureEnabled
 0002:000029B0       IsThemePartDefined
 0001:00016CCC       IsUniqueGlobalComponentName
 0002:00002850       IsUniqueGlobalComponentNameProc
 0001:00007050       IsValidIdent
 0001:0000B6AC       IsWesternGroup
 0001:00005930       IsWindow
 0001:00005938       IsWindowEnabled
 0001:00005940       IsWindowVisible
 0001:00005948       IsZoomed
 0001:00051E58       Iterate
 0001:00051EB8       IterateMenus
 0002:0000002C       JITEnable
 0001:000592B0       KeyboardStateToShiftState
 0001:00059274       KeyDataToShiftState
 0001:00059220       KeysToShiftState
 0001:00005950       KillTimer
 0001:000075D0       LastDelimiter
 0001:00004D40       LCIDToCodePage
 0001:0000B5D8       LCIDToCodePage
 0002:0000010C       LeadBytes
 0001:000052D0       LeaveCriticalSection
 0001:00000390       LeaveCriticalSection
 0001:00067E28       LeftSide
 0002:00000034       LibModuleList
 0001:0006A858       LinePos
 0001:000054D0       LineTo
 0001:00032864       ListActns
 0001:00040CCC       ListAdd
 0001:00040CF4       ListRemove
 0002:00002752       ListSeparator
 0001:00005958       LoadBitmap
 0001:0006F6D8       LoadComExProcs
 0001:00005960       LoadCursor
 0001:00005968       LoadIcon
 0001:00005970       LoadKeyboardLayout
 0001:000052D8       LoadLibrary
 0001:000002B4       LoadLibraryEx
 0001:000052E0       LoadResource
 0001:00004448       LoadResourceModule
 0001:00004CE8       LoadResString
 0001:000002BC       LoadString
 0001:00005978       LoadString
 0001:00004EE4       LocalAlloc
 0001:00000360       LocalAlloc
 0001:00000368       LocalFree
 0001:00009F98       LocalGetLocaleStr
 0002:00002A44       Lock
 0001:000052E8       LockResource
 0002:00002694       LongDateFormat
 0002:00002728       LongDayNames
 0002:000026DC       LongMonthNames
 0001:00067B60       LongMulDiv
 0002:000026A8       LongTimeFormat
 0001:00006DEC       LowerCase
 0001:00005368       lstrcpy
 0001:000002C4       lstrcpyn
 0002:00002824       LVarTypes
 0002:00002828       LVarTypeSync
 0001:000732DC       Main
 0002:00002C28       MainFrm
 0002:00002030       MainInstance
 0002:00002034       MainThreadID
 0001:000003F0       MakeEmpty
 0001:00002D00       MakeErrorMessage
 0002:00000E4C       MakeLast
 0001:00005B68       MakeLong
 0001:00005C00       MakeLParam
 0001:0001DB88       MakeObjectInstance
 0001:00005BC0       MakeROP4
 0001:0006DF28       MakeSec
 0001:00005BF8       MakeWParam
 0001:0000AAA4       MapException
 0001:000327D4       Mapi
 0002:00000BDC       MAPIDLL
 0002:00000BE0       MAPIModule
 0001:00002A08       MapToRunError
 0001:00005980       MapVirtualKey
 0001:00005988       MapWindowPoints
 0001:00066030       Mask
 0002:00000E84       Mask
 0001:000054D8       MaskBlt
 0001:00063718       MaskDoFormatText
 0002:00001098       MaskFieldSeparator
 0001:00063528       MaskGetCharType
 0001:0006367C       MaskGetCurrentDirectives
 0001:000639B8       MaskGetMaskBlank
 0001:00063934       MaskGetMaskSave
 0001:000636F8       MaskIntlLiteralToChar
 0002:0000109C       MaskNoSave
 0001:00063AB0       MaskOffsetToOffset
 0001:00063A24       MaskOffsetToString
 0001:00063F28       MaskUtils
 0001:00027340       Math
 0001:00027308       Max
 0001:0006AB7C       Max
 0001:0005BBB4       MaximizedChildren
 0002:0000003C       MemoryManager
 0002:00000EA0       MenuKeyCaps
 0001:00057080       Menus
 0001:00000440       MergeBlockAfter
 0001:00000F0C       MergeCommit
 0001:00005990       MessageBeep
 0001:0000025C       MessageBox
 0001:00005998       MessageBox
 0001:0002C044       MessageDlgPos
 0001:0002C068       MessageDlgPosHelp
 0001:00005E20       Messages
 0001:0006AB54       Min
 0001:00017564       Min
 0001:00027300       Min
 0001:0006A1A8       MinRedraw
 0001:00044578       MinVar
 0002:0000292C       MMAvailable
 0002:000009CC       ModalResults
 0002:00000E64       ModeMap
 0001:000679C8       ModifyExtents
 0001:0006AD84       ModifyPixelScrollBar
 0001:0005D8AC       ModifySystemMenu
 0002:000000A4       Module
 0002:00002665       ModuleIsCpp
 0002:00002664       ModuleIsLib
 0001:0001DB58       ModuleUnload
 0002:00000038       ModuleUnloadList
 0002:00002908       MonitorFromPoint
 0002:00002904       MonitorFromRect
 0002:00002900       MonitorFromWindow
 0002:000000DC       MonthDays
 0002:00002B40       Mouse
 0001:000018E8       Move
 0001:0006ED54       MoveColData
 0001:00067AD4       MoveExtent
 0001:000054E0       MoveToEx
 0001:00040D14       MoveWindowOrg
 0001:000052F0       MulDiv
 0001:000002D4       MultiByteToWideChar
 0001:000052F8       MultiByteToWideChar
 0001:00062E90       MultiLineWidth
 0001:00027E74       MultiMon
 0002:00002C20       NeedToUninitialize
 0002:00002689       NegCurrFormat
 0001:00000F98       NewCommit
 0001:00000FC4       NewCommitAt
 0002:00000BC8       NewState
 0001:0006DCF0       NewStrItem
 0002:00002B44       NewStyleControls
 0001:0000B358       NextCharIndex
 0001:0004A9C4       NextVisibleZone
 0002:000005A4       NilMethod
 0002:00000030       NoErrMsg
 0001:00052C6C       NormalDraw
 0001:000025C0       NotifyAnyExcept
 0001:00002594       NotifyExcept
 0001:000025F4       NotifyExceptFinally
 0001:00016DCC       NotifyGlobalLoading
 0001:00004748       NotifyModuleUnload
 0001:00002570       NotifyNonDelphiException
 0001:000025AC       NotifyOnExcept
 0001:00002554       NotifyReRaise
 0001:0000261C       NotifyTerminate
 0001:00002638       NotifyUnhandled
 0001:000559E4       NthParentOf
 0001:00013B5C       Null
 0002:0000042C       NullAsStringValue
 0001:000127DC       NullCompare
 0002:00000420       NullEqualityRule
 0002:00000424       NullMagnitudeRule
 0002:00000428       NullStrictConvert
 0001:0003F230       ObjectFromHWnd
 0002:00000CA0       OEMConverts
 0001:000059A0       OemToAnsi
 0001:000059A8       OffsetRect
 0001:00063B04       OffsetToMaskOffset
 0001:0006F61C       OleCheck
 0001:0006F600       OleError
 0001:00003D0C       OleStrToStrVar
 0002:00002C14       OleUninitializing
 0001:00012514       OleVarFromAny
 0001:00012578       OleVarFromVarArrayProc
 0001:000059B0       OpenClipboard
 0002:000008F0       OpenOptions
 0002:00000948       OpenOptionsEx
 0002:0000297C       OpenThemeData
 0002:00000E44       OrientArray
 0002:00000E10       OuterStyles
 0002:00000CE0       OuterStyles
 0002:00002798       OutOfMemory
 0001:0002129C       OutOfResources
 0002:0000221C       Output
 0002:00000430       PackVarCreation
 0001:00063D20       PadInputLiterals
 0001:00063B88       PadSubField
 0001:0006ABF8       PageDown
 0001:0006AB98       PageUp
 0002:000008A0       Pal16
 0001:0001F510       PaletteChanged
 0001:00021A88       PaletteFromDIBColorTable
 0001:00021B2C       PaletteToDIBColorTable
 0002:0000089C       PalSize
 0001:00067CFC       ParentEvent
 0001:0004ADA8       ParentNotLast
 0002:00000C7C       Passwords
 0001:000054E8       PatBlt
 0002:000028EC       PatternManager
 0001:000059B8       PeekMessage
 0002:000028E0       PenManager
 0002:0000086C       PenModes
 0002:0000084C       PenStyles
 0001:0003F52C       PerformEraseBackground
 0001:000054F0       PlayEnhMetaFile
 0001:00005038       Point
 0001:00015CE4       Point
 0001:0001611C       PointerInModule
 0001:0006773C       PointInGridRect
 0001:00045E14       PointsEqual
 0001:00005BE0       PointToSmallPoint
 0001:00005500       Polyline
 0001:000054F8       PolyPolyline
 0002:00002BD0       PopupList
 0001:000059C0       PostMessage
 0001:000059C8       PostQuitMessage
 0001:00027238       Power
 0001:00028F28       Printers
 0001:0005EFC0       ProcessExecute
 0001:0005952C       ProcessHorz
 0001:0005F0C0       ProcessUpdate
 0001:00059598       ProcessVert
 0001:0006F634       ProgIDToClassID
 0001:00019E70       PropertyNotFound
 0001:0001B0D8       PropPathError
 0002:00000FA8       Props
 0001:00019E64       PropValueError
 0001:00067758       PtInRect
 0001:000059D0       PtInRect
 0002:000000A0       PtrToNil
 0001:00007F00       PutExponent
 0002:00002B88       QualifyingSites
 0001:0000AA60       RaiseAssertException
 0001:0000022C       RaiseException
 0001:0006FD34       RaiseException
 0001:00018E84       RaiseException
 0002:00002014       RaiseExceptionProc
 0001:0000BCEC       RaiseLastOSError
 0001:0006FC20       RaiseNameException
 0001:0004BB18       ReadControlName
 0001:0001C318       ReadCustomVariant
 0001:00019E4C       ReadError
 0001:00005300       ReadFile
 0001:00021DD8       ReadIcon
 0002:00000C84       ReadOnlys
 0001:00012914       RealCompare
 0001:00005508       RealizePalette
 0001:0001A68C       Recover
 0001:0000501C       Rect
 0001:00015D0C       Rect
 0001:00005518       Rectangle
 0001:00005510       RectVisible
 0001:000059D8       RedrawWindow
 0002:0000281C       RefAnyProc
 0002:00002A40       ReferenceCount
 0001:00005160       RegCloseKey
 0001:000002DC       RegCloseKey
 0002:00002860       RegGroups
 0001:000168C0       RegisterClass
 0001:000059E0       RegisterClass
 0001:000059E8       RegisterClipboardFormat
 0001:00040084       RegisterDockSite
 0001:00016C34       RegisterFindGlobalComponentProc
 0001:00016B08       RegisterIntegerConsts
 0001:000047A4       RegisterModule
 0001:00028280       RegisterViewer
 0001:000059F0       RegisterWindowMessage
 0001:00032768       Registry
 0001:000002E4       RegOpenKeyEx
 0001:00005168       RegOpenKeyEx
 0001:000002EC       RegQueryValueEx
 0001:00005170       RegQueryValueEx
 0001:00029E88       RegStr
 0001:000059F8       ReleaseCapture
 0001:00005A00       ReleaseDC
 0002:00000048       reMap
 0002:0000261C       remBytes
 0001:000004B0       RemoveBlock
 0002:00000580       RemoveDataModule
 0001:00019D1C       RemoveFixupReferences
 0001:00019DC8       RemoveFixups
 0001:0001A0C0       RemoveGlobalFixup
 0001:00005A08       RemoveMenu
 0001:000046E8       RemoveModuleUnloadProc
 0001:000046C0       RemoveModuleUnloadProc
 0001:00005A10       RemoveProp
 0001:00005308       ResetEvent
 0001:0001C930       ResetSyncEvent
 0001:0000144C       ResizeInPlace
 0001:0006C770       ResizeLine
 0001:00005520       RestoreDC
 0001:00058EC4       RestoreFocusState
 0001:0006BD54       Restrict
 0001:00017D20       ReturnAddr
 0001:00051A2C       ReturnAddr
 0001:00017090       ReturnAddr
 0001:00021808       RGBQuadToTriple
 0001:000217D0       RGBTripleToQuad
 0001:00029DE0       RichEdit
 0001:00067DD0       RightSide
 0002:00002B58       RM_GetObjectInstance
 0002:00002BEC       RM_TaskbarCreated
 0002:00002618       rover
 0002:00000BE4       RTFConversionFormat
 0001:00013E00       RTLConsts
 0001:00000234       RtlUnwind
 0002:00002018       RTLUnwindProc
 0002:0000006C       runErrMsg
 0001:000017F0       RunErrorAt
 0001:0000CCCC       SafeArrayCreate
 0001:0000CCE4       SafeArrayGetElement
 0001:0000CCD4       SafeArrayGetLBound
 0001:0000CCDC       SafeArrayGetUBound
 0001:0000CCF4       SafeArrayPtrOfIndex
 0001:0000CCEC       SafeArrayPutElement
 0001:0006F7DC       SafeCallError
 0002:00002020       SafeCallErrorProc
 0001:0000C314       SafeLoadLibrary
 0001:00006ECC       SameText
 0001:00005528       SaveDC
 0001:00058EBC       SaveFocusState
 0002:00002C1C       SaveInitProc
 0001:000095EC       ScanBlanks
 0001:00009730       ScanChar
 0001:000098AC       ScanDate
 0001:00009610       ScanNumber
 0001:000096A4       ScanString
 0001:00009BF0       ScanTime
 0001:000097B4       ScanToNumber
 0002:00002BE4       Screen
 0002:00002898       ScreenLogPixels
 0001:00005A18       ScreenToClient
 0001:000596E4       ScrollBarVisible
 0001:0006B8D8       ScrollBarVisible
 0001:00005A20       ScrollWindow
 0001:00005A28       ScrollWindowEx
 0001:00000FF8       SearchSmallBlocks
 0001:00005530       SelectClipRgn
 0001:00067D70       Selection
 0001:00005538       SelectObject
 0001:00005540       SelectPalette
 0001:0003F2C0       SendAppMessage
 0001:0005912C       SendFocusMessage
 0001:00005A30       SendMessage
 0001:00067CC8       SendToParent
 0002:00000F04       Separators
 0001:00001934       Set8087CW
 0001:00005A38       SetActiveWindow
 0001:000609D0       SetAnimation
 0001:0006B9C0       SetAxisRange
 0001:00005548       SetBkColor
 0001:00005550       SetBkMode
 0001:00005558       SetBrushOrgEx
 0001:00005A40       SetCapture
 0001:0003F5A8       SetCaptureControl
 0001:00005A48       SetClassLong
 0001:0001344C       SetClearVarToEmptyParam
 0001:00005A50       SetClipboardData
 0001:0001A7FC       SetCompName
 0001:00005A58       SetCursor
 0001:00005560       SetDIBColorTable
 0001:00005310       SetEndOfFile
 0001:00005568       SetEnhMetaFileBits
 0001:00005318       SetErrorMode
 0001:00005320       SetEvent
 0001:00002B48       SetExceptionHandler
 0001:00005328       SetFilePointer
 0001:00014264       SetFloatProp
 0001:00005A60       SetFocus
 0001:00005A68       SetForegroundWindow
 0001:0006BA3C       SetHorzRange
 0001:0004D844       SetImeMode
 0001:00001874       SetInOutRes
 0001:000144E8       SetInt64Prop
 0001:00014524       SetInterfaceProp
 0001:0001B3B8       SetInterfaceReference
 0001:0001B2D4       SetIntIdent
 0001:00005A70       SetKeyboardState
 0002:00000F7C       SetLayeredWindowAttributes
 0001:000140CC       SetLongStrProp
 0001:00005570       SetMapMode
 0001:00005A78       SetMenu
 0001:00005A80       SetMenuItemInfo
 0001:000144B0       SetMethodProp
 0001:0001B31C       SetObjectIdent
 0001:00013FD4       SetOrdProp
 0001:00005A88       SetParent
 0001:00005578       SetPixel
 0001:00005A90       SetProp
 0001:00005A98       SetRect
 0001:00005580       SetROP2
 0001:0006B6E8       SetScroll
 0001:00005AA0       SetScrollInfo
 0001:00005AA8       SetScrollPos
 0001:00005AB0       SetScrollRange
 0001:00014030       SetShortStrProp
 0001:00014084       SetShortStrPropAsLongStr
 0001:00005588       SetStretchBltMode
 0001:00014164       SetStrProp
 0001:0001A604       SetSubComponentState
 0001:00005590       SetTextColor
 0002:00002A24       SetThemeAppProperties
 0001:00005330       SetThreadLocale
 0001:00005AB8       SetTimer
 0001:00013434       SetVarAsError
 0001:00014470       SetVariantProp
 0001:0001B35C       SetVariantReference
 0001:0006BAD0       SetVertRange
 0001:00005598       SetViewportExtEx
 0001:000055A0       SetViewportOrgEx
 0001:000629A0       SetVisible
 0001:00014190       SetWideStrProp
 0001:0001410C       SetWideStrPropAsLongStr
 0001:000055B0       SetWindowExtEx
 0001:00005AC0       SetWindowLong
 0001:000055B8       SetWindowOrgEx
 0001:00005AC8       SetWindowPlacement
 0001:00005AD0       SetWindowPos
 0001:00005AE0       SetWindowsHookEx
 0001:00005AD8       SetWindowText
 0002:000029E8       SetWindowTheme
 0001:000055A8       SetWinMetaFileBits
 0002:0000014C       ShareMode
 0001:00029E50       ShellAPI
 0002:00002B10       ShellModule
 0001:00029F64       ShlObj
 0001:00051A54       ShortCut
 0002:00002BD4       ShortCutItems
 0001:00051AE0       ShortCutToText
 0002:00002690       ShortDateFormat
 0002:0000270C       ShortDayNames
 0002:000026AC       ShortMonthNames
 0002:000026A4       ShortTimeFormat
 0002:00000FDC       ShowCommands
 0002:00000FE8       ShowCommands
 0002:00000FF4       ShowCommands
 0001:00005AE8       ShowCursor
 0001:0000A618       ShowException
 0002:00000DF8       ShowFlags
 0002:00001090       ShowFlags
 0001:00058ECC       ShowMDIClientEdge
 0001:0002C11C       ShowMessage
 0001:0002C128       ShowMessagePos
 0001:00005AF0       ShowOwnedPopups
 0001:00005AF8       ShowScrollBar
 0001:00005B00       ShowWindow
 0001:000609F8       ShowWinNoAnimate
 0001:0004CDB0       ShowZone
 0002:00000E58       SizeCursors
 0001:00005338       SizeofResource
 0001:0001BE4C       SkipBinary
 0001:0001BE7C       SkipCollection
 0001:0001BE24       SkipList
 0001:00005340       Sleep
 0001:0000BCE4       Sleep
 0001:00015CFC       SmallPoint
 0001:00005BCC       SmallPointToPoint
 0002:00002624       smallTab
 0002:00000CC8       Sorts
 0002:000025EC       spaceRoot
 0002:000010A4       SPAIndexMask
 0002:000010A8       SPASecShift
 0001:00068F34       StackAlloc
 0001:00068F64       StackFree
 0001:0001697C       StartClassGroup
 0001:0003BEB0       StdActns
 0001:0003BD48       StdCtrls
 0001:0001DB60       StdWndProc
 0002:000028A0       StockBrush
 0002:000028A4       StockFont
 0002:000028A8       StockIcon
 0002:0000289C       StockPen
 0001:0006E5D8       StoreItem
 0001:00007950       StrAlloc
 0001:00007964       StrBufSize
 0001:0000B108       StrByteType
 0001:0000B2F4       StrCharLength
 0001:0000782C       StrComp
 0001:0000778C       StrCopy
 0001:0000799C       StrDispose
 0001:00050210       StreamsEqual
 0001:00007768       StrEnd
 0001:000055C0       StretchBlt
 0001:00007DAC       StrFmt
 0001:00007850       StrIComp
 0001:00012990       StringCompare
 0001:00018D20       StringListCompareStrings
 0001:0000BBB0       StringReplace
 0001:00003D30       StringToOleStr
 0001:00056E1C       StripHotkey
 0001:000077B4       StrLCopy
 0001:00007750       StrLen
 0001:00007DEC       StrLFmt
 0001:00007890       StrLIComp
 0001:0000777C       StrMove
 0001:00007970       StrNew
 0001:0000B314       StrNextChar
 0001:0000793C       StrPas
 0001:000077E8       StrPCopy
 0001:0000780C       StrPLCopy
 0001:000078E8       StrPos
 0001:000078D4       StrScan
 0001:0000723C       StrToInt
 0001:00007278       StrToIntDef
 0001:0002FF2C       StrUtils
 0002:00000FD0       Styles
 0001:00014654       Succeeded
 0001:0000C27C       Supports
 0001:0000C258       Supports
 0002:00002854       SyncEvent
 0002:000005AC       SyncList
 0001:000293EC       SyncObjs
 0001:00000304       SysAllocStringLen
 0001:00006138       SysConst
 0002:00000F98       SysConsts
 0002:00000FA0       SysConsts
 0001:00009ED8       SysErrorMessage
 0001:000012A8       SysFreeMem
 0001:00014644       SysFreeString
 0001:00000314       SysFreeString
 0001:00001118       SysGetMem
 0001:00005014       SysInit
 0002:00002744       SysLocale
 0001:00001628       SysReallocMem
 0001:0000030C       SysReAllocStringLen
 0001:00004E08       System
 0002:00002890       SystemPalette16
 0001:000219F0       SystemPaletteOverride
 0001:00005B08       SystemParametersInfo
 0001:0000C7E8       SysUtils
 0001:0004E6F4       TActionLink.IsCaptionLinked
 0001:0004E708       TActionLink.IsCheckedLinked
 0001:0004E71C       TActionLink.IsEnabledLinked
 0001:0004E730       TActionLink.IsGroupIndexLinked
 0001:0004E744       TActionLink.IsHelpContextLinked
 0001:0004E758       TActionLink.IsHelpLinked
 0001:0004E76C       TActionLink.IsHintLinked
 0001:0004E780       TActionLink.IsImageIndexLinked
 0001:0004E794       TActionLink.IsShortCutLinked
 0001:0004E7A8       TActionLink.IsVisibleLinked
 0001:0004E7BC       TActionLink.SetAutoCheck
 0001:0004E7C0       TActionLink.SetCaption
 0001:0004E7C4       TActionLink.SetChecked
 0001:0004E7C8       TActionLink.SetEnabled
 0001:0004E7CC       TActionLink.SetGroupIndex
 0001:0004E7D0       TActionLink.SetHelpContext
 0001:0004E7D4       TActionLink.SetHelpKeyword
 0001:0004E7D8       TActionLink.SetHelpType
 0001:0004E7DC       TActionLink.SetHint
 0001:0004E7E0       TActionLink.SetImageIndex
 0001:0004E7E4       TActionLink.SetShortCut
 0001:0004E7E8       TActionLink.SetVisible
 0001:00062F3C       TApplication.ActivateHint
 0001:00061B90       TApplication.BringToFront
 0001:00062CA4       TApplication.CancelHint
 0001:00061174       TApplication.CheckIniChange
 0001:00060EF0       TApplication.ControlDestroyed
 0001:00060A38       TApplication.Create
 0001:00061F90       TApplication.CreateForm
 0001:00060D40       TApplication.CreateHandle
 0001:00060C24       TApplication.Destroy
 0001:0006330C       TApplication.DispatchAction
 0001:00062670       TApplication.DoActionIdle
 0001:000626D4       TApplication.DoMouseIdle
 0001:00060FC0       TApplication.DoNormalizeTopMosts
 0001:0006339C       TApplication.ExecuteAction
 0001:000632D0       TApplication.GetCurrentHelpFile
 0001:000619C4       TApplication.GetIconHandle
 0001:00061BCC       TApplication.GetTitle
 0001:00062110       TApplication.HandleException
 0001:00061E7C       TApplication.HandleMessage
 0001:00062618       TApplication.HelpCommand
 0001:000625B0       TApplication.HelpContext
 0001:00062548       TApplication.HelpKeyword
 0001:00062C60       TApplication.HideHint
 0001:00062B18       TApplication.HintMouseMessage
 0001:00062C28       TApplication.HintTimerExpired
 0001:00061EA0       TApplication.HookMainWindow
 0001:00063448       TApplication.HookSynchronizeWakeup
 0001:000628A8       TApplication.IconChanged
 0001:0006274C       TApplication.Idle
 0001:00061F78       TApplication.Initialize
 0001:000623E0       TApplication.InvokeHelp
 0001:00061C18       TApplication.IsDlgMsg
 0001:00061D44       TApplication.IsHintMsg
 0001:00061C8C       TApplication.IsKeyMsg
 0001:00061C3C       TApplication.IsMDIMsg
 0001:00061D78       TApplication.IsShortCut
 0001:000621A0       TApplication.MessageBox
[...]
 0002:00000C64       BorderStyles
 0002:00000C6C       Alignments
 0002:00000C74       WordWraps
 0002:00000C78       WordWraps
 0002:00000C7C       Passwords
 0002:00000C84       ReadOnlys
 0002:00000C8C       CharCases
 0002:00000C98       HideSelections
 0002:00000CA0       OEMConverts
 0002:00000CA8       ComboBoxStyles
 0002:00000CBC       CharCases
 0002:00000CC8       Sorts
 0002:00000CD0       InnerStyles
 0002:00000CE0       OuterStyles
 0002:00000CF0       EdgeStyles
 0002:00000D00       Ctl3DStyles
 0002:00000D08       ButtonStyles
 0002:00000D10       Alignments
 0002:00000D20       Alignments
 0002:00000D30       AnimateWindowProc
 0002:00000D34       CreationControl
 0002:00000D38       DefaultDockTreeClass
 0002:00000D3C       AnchorAlign
 0002:00000D44       Cursors
 0002:00000DF4       CaptureControl
 0002:00000DF8       ShowFlags
 0002:00000DFC       WindowPos
 0002:00000E00       InnerStyles
 0002:00000E10       OuterStyles
 0002:00000E20       EdgeStyles
 0002:00000E30       Ctl3DStyles
 0002:00000E38       AnimationStyle
 0002:00000E44       OrientArray
 0002:00000E4C       MakeLast
 0002:00000E54       TreeStreamEndFlag
 0002:00000E58       SizeCursors
 0002:00000E60       IMM32DLL
 0002:00000E64       ModeMap
 0002:00000E6C       DrawingStyles
 0002:00000E7C       Images
 0002:00000E84       Mask
 0002:00000E8C       ValidMenuHotkeys
 0002:00000E90       cMenuAutoFlagToItem
 0002:00000E94       cItemAutoFlagToMenu
 0002:00000E98       cBooleanToItemAutoFlag
 0002:00000E9C       cItemAutoFlagToBoolean
 0002:00000EA0       MenuKeyCaps
 0002:00000EE8       Checks
 0002:00000EF0       Enables
 0002:00000EF8       Breaks
 0002:00000F04       Separators
 0002:00000F0C       IBreaks
 0002:00000F18       IChecks
 0002:00000F20       IDefaults
 0002:00000F28       IEnables
 0002:00000F30       IRadios
 0002:00000F38       ISeparators
 0002:00000F40       IRTL
 0002:00000F48       IOwnerDraw
 0002:00000F50       Alignments
 0002:00000F58       EdgeStyle
 0002:00000F60       Alignments
 0002:00000F68       Flags
 0002:00000F74       Buttons
 0002:00000F78       HintWindowClass
 0002:00000F7C       SetLayeredWindowAttributes
 0002:00000F80       FocusMessages
 0002:00000F84       FocusCount
 0002:00000F88       TaskActiveWindow
 0002:00000F8C       TaskFirstWindow
 0002:00000F90       TaskFirstTopMost
 0002:00000F94       TaskWindowList
 0002:00000F98       SysConsts
 0002:00000FA0       SysConsts
 0002:00000FA8       Props
 0002:00000FD0       Styles
 0002:00000FDC       ShowCommands
 0002:00000FE8       ShowCommands
 0002:00000FF4       ShowCommands
 0002:00001000       cUseAlpha
 0002:00001008       cUseColorKey
 0002:00001010       CursorMap
 0002:00001064       WindowClass
 0002:0000108C       AppVisible
 0002:00001090       ShowFlags
 0002:00001094       DefaultBlank
 0002:00001098       MaskFieldSeparator
 0002:0000109C       MaskNoSave
 0002:000010A0       ArrowKey
 0002:000010A4       SPAIndexMask
 0002:000010A8       SPASecShift
 0002:000010AC       CoCreateInstanceEx
 0002:000010B0       CoInitializeEx
 0002:000010B4       CoAddRefServerProcess
 0002:000010B8       CoReleaseServerProcess
 0002:000010BC       CoResumeClassObjects
 0002:000010C0       CoSuspendClassObjects
 0002:000010C4       CoInitFlags
 0002:000010C8       ThreadStrs
 0002:00002000       DispCallByIDProc
 0002:00002004       ExceptProc
 0002:00002008       ErrorProc
 0002:0000200C       ExceptClsProc
 0002:00002010       ExceptObjProc
 0002:00002014       RaiseExceptionProc
 0002:00002018       RTLUnwindProc
 0002:0000201C       ExceptionClass
 0002:00002020       SafeCallErrorProc
 0002:00002024       AssertErrorProc
 0002:00002028       ExitProcessProc
 0002:0000202C       AbstractErrorProc
 0002:00002030       MainInstance
 0002:00002034       MainThreadID
 0002:00002038       IsLibrary
 0002:0000203C       CmdShow
 0002:00002040       CmdLine
 0002:00002044       InitProc
 0002:00002048       ExitProc
 0002:0000204C       IsConsole
 0002:0000204D       IsMultiThread
 0002:0000204E       Test8086
 0002:00002050       Input
 0002:0000221C       Output
 0002:000023E8       ErrOutput
 0002:000025B4       AllocMemCount
 0002:000025B8       AllocMemSize
 0002:000025BC       .5
 0002:000025C0       DefaultUserCodePage
 0002:000025C4       initialized
 0002:000025C8       heapErrorCode
 0002:000025CC       heapLock
 0002:000025E4       blockDescBlockList
 0002:000025E8       blockDescFreeList
 0002:000025EC       spaceRoot
 0002:000025FC       decommittedRoot
 0002:0000260C       avail
 0002:00002618       rover
 0002:0000261C       remBytes
 0002:00002620       curAlloc
 0002:00002624       smallTab
 0002:00002628       committedRoot
 0002:00002638       InitContext
 0002:00002664       ModuleIsLib
 0002:00002665       ModuleIsCpp
 0002:00002668       HInstance
 0002:0000266C       .1
 0002:00002670       tlsBuffer
 0002:00002674       .1
 0002:00002678       .3
 0002:0000267C       .1
 0002:00002680       .1
 0002:00002684       CurrencyString
 0002:00002688       CurrencyFormat
 0002:00002689       NegCurrFormat
 0002:0000268A       ThousandSeparator
 0002:0000268B       DecimalSeparator
 0002:0000268C       CurrencyDecimals
 0002:0000268D       DateSeparator
 0002:00002690       ShortDateFormat
 0002:00002694       LongDateFormat
 0002:00002698       TimeSeparator
 0002:0000269C       TimeAMString
 0002:000026A0       TimePMString
 0002:000026A4       ShortTimeFormat
 0002:000026A8       LongTimeFormat
 0002:000026AC       ShortMonthNames
 0002:000026DC       LongMonthNames
 0002:0000270C       ShortDayNames
 0002:00002728       LongDayNames
 0002:00002744       SysLocale
 0002:00002752       ListSeparator
 0002:00002754       EraNames
 0002:00002770       EraYearOffsets
 0002:0000278C       TrueBoolStrs
 0002:00002790       FalseBoolStrs
 0002:00002794       .35
 0002:00002798       OutOfMemory
 0002:0000279C       InvalidPointer
 0002:000027A0       FLanguages
 0002:000027A4       VariantChangeTypeEx
 0002:000027A8       VarNeg
 0002:000027AC       VarNot
 0002:000027B0       VarAdd
 0002:000027B4       VarSub
 0002:000027B8       VarMul
 0002:000027BC       VarDiv
 0002:000027C0       VarIDiv
 0002:000027C4       VarMod
 0002:000027C8       VarAnd
 0002:000027CC       VarOr
 0002:000027D0       VarXor
 0002:000027D4       VarCmp
 0002:000027D8       VarI4FromStr
 0002:000027DC       VarR4FromStr
 0002:000027E0       VarR8FromStr
 0002:000027E4       VarDateFromStr
 0002:000027E8       VarCyFromStr
 0002:000027EC       VarBoolFromStr
 0002:000027F0       VarBstrFromCy
 0002:000027F4       VarBstrFromDate
 0002:000027F8       VarBstrFromBool
 0002:000027FC       .5
 0002:00002800       EmptyParam
 0002:00002810       VarDispProc
 0002:00002814       ClearAnyProc
 0002:00002818       ChangeAnyProc
 0002:0000281C       RefAnyProc
 0002:00002820       .81
 0002:00002824       LVarTypes
 0002:00002828       LVarTypeSync
 0002:00002840       .1
 0002:00002844       .6
 0002:00002848       .3
 0002:0000284C       GlobalNameSpace
 0002:00002850       IsUniqueGlobalComponentNameProc
 0002:00002854       SyncEvent
 0002:00002858       .45
 0002:0000285C       IntConstList
 0002:00002860       RegGroups
 0002:00002864       FindGlobalComponentProcs
 0002:00002868       GlobalFixupList
 0002:0000286C       ThreadLock
 0002:00002884       InstBlockList
 0002:00002888       InstFreeList
 0002:0000288C       .1
 0002:00002890       SystemPalette16
 0002:00002894       .12
 0002:00002898       ScreenLogPixels
 0002:0000289C       StockPen
 0002:000028A0       StockBrush
 0002:000028A4       StockFont
 0002:000028A8       StockIcon
 0002:000028AC       BitmapImageLock
 0002:000028C4       CounterLock
 0002:000028DC       FontManager
 0002:000028E0       PenManager
 0002:000028E4       BrushManager
 0002:000028E8       CanvasList
 0002:000028EC       PatternManager
 0002:000028F0       .2
 0002:000028F4       .21
 0002:000028F8       .1
 0002:000028FC       GetSystemMetrics
 0002:00002900       MonitorFromWindow
 0002:00002904       MonitorFromRect
 0002:00002908       MonitorFromPoint
 0002:0000290C       GetMonitorInfo
 0002:00002910       GetMonitorInfoA
 0002:00002914       GetMonitorInfoW
 0002:00002918       EnumDisplayMonitors
 0002:0000291C       .1
 0002:00002920       User32Dll
 0002:00002924       InitApis
 0002:0000292C       MMAvailable
 0002:00002930       .1
 0002:00002934       .2
 0002:00002938       HelpManager
 0002:0000293C       .3
 0002:00002940       .3
 0002:00002944       FlatSB_EnableScrollBar
 0002:00002948       FlatSB_ShowScrollBar
 0002:0000294C       FlatSB_GetScrollRange
 0002:00002950       FlatSB_GetScrollInfo
 0002:00002954       FlatSB_GetScrollPos
 0002:00002958       FlatSB_SetScrollPos
 0002:0000295C       FlatSB_SetScrollInfo
 0002:00002960       FlatSB_SetScrollRange
 0002:00002964       .1
 0002:00002968       _FlatSB_GetScrollProp
 0002:0000296C       _FlatSB_SetScrollProp
 0002:00002970       _InitializeFlatSB
 0002:00002974       _UninitializeFlatSB
 0002:00002978       .6
 0002:0000297C       OpenThemeData
 0002:00002980       CloseThemeData
 0002:00002984       DrawThemeBackground
 0002:00002988       DrawThemeText
 0002:0000298C       GetThemeBackgroundContentRect
 0002:00002990       GetThemeBackgroundExtent
 0002:00002994       GetThemePartSize
 0002:00002998       GetThemeTextExtent
 0002:0000299C       GetThemeTextMetrics
 0002:000029A0       GetThemeBackgroundRegion
 0002:000029A4       HitTestThemeBackground
 0002:000029A8       DrawThemeEdge
 0002:000029AC       DrawThemeIcon
 0002:000029B0       IsThemePartDefined
 0002:000029B4       IsThemeBackgroundPartiallyTransparent
 0002:000029B8       GetThemeColor
 0002:000029BC       GetThemeMetric
 0002:000029C0       GetThemeString
 0002:000029C4       GetThemeBool
 0002:000029C8       GetThemeInt
 0002:000029CC       GetThemeEnumValue
 0002:000029D0       GetThemePosition
 0002:000029D4       GetThemeFont
 0002:000029D8       GetThemeRect
 0002:000029DC       GetThemeMargins
 0002:000029E0       GetThemeIntList
 0002:000029E4       GetThemePropertyOrigin
 0002:000029E8       SetWindowTheme
 0002:000029EC       GetThemeFilename
 0002:000029F0       GetThemeSysColor
 0002:000029F4       GetThemeSysColorBrush
 0002:000029F8       GetThemeSysBool
 0002:000029FC       GetThemeSysSize
 0002:00002A00       GetThemeSysFont
 0002:00002A04       GetThemeSysString
 0002:00002A08       GetThemeSysInt
 0002:00002A0C       IsThemeActive
 0002:00002A10       IsAppThemed
 0002:00002A14       GetWindowTheme
 0002:00002A18       EnableThemeDialogTexture
 0002:00002A1C       IsThemeDialogTextureEnabled
 0002:00002A20       GetThemeAppProperties
 0002:00002A24       SetThemeAppProperties
 0002:00002A28       GetCurrentThemeName
 0002:00002A2C       GetThemeDocumentationProperty
 0002:00002A30       DrawThemeParentBackground
 0002:00002A34       EnableTheming
 0002:00002A38       .1
 0002:00002A3C       ThemeLibrary
 0002:00002A40       ReferenceCount
 0002:00002A44       Lock
 0002:00002A48       .1
 0002:00002A4C       .4
 0002:00002A50       .1
 0002:00002A54       .1
 0002:00002A58       .1
 0002:00002A5C       .1
 0002:00002A60       .1
 0002:00002A64       .1
 0002:00002A68       .1
 0002:00002A6C       .11
 0002:00002A70       HelpMsg
 0002:00002A74       FindMsg
 0002:00002A78       ButtonWidths
 0002:00002AA4       .12
 0002:00002AA8       .1
 0002:00002AAC       CF_PICTURE
 0002:00002AAE       CF_COMPONENT
 0002:00002AB0       .2
 0002:00002AB4       FClipboard
 0002:00002AB8       .1
 0002:00002ABC       .4
 0002:00002AC0       BitBtnGlyphs
 0002:00002AEC       .3
 0002:00002AF0       .8
 0002:00002AF4       .5
 0002:00002AF8       .1
 0002:00002AFC       .72
 0002:00002B00       UrlMonHandle
 0002:00002B04       UrlMonInitialized
 0002:00002B08       .8
 0002:00002B0C       .36
 0002:00002B10       ShellModule
 0002:00002B14       FRichEditModule
 0002:00002B18       ComCtlVersion
 0002:00002B1C       .2
 0002:00002B20       InternalServices
 0002:00002B24       .42
 0002:00002B28       .73
 0002:00002B2C       WinHelpTester
 0002:00002B30       ViewerName
 0002:00002B34       .1
 0002:00002B38       HelpViewer
 0002:00002B3C       HelpViewerIntf
 0002:00002B40       Mouse
 0002:00002B44       NewStyleControls
 0002:00002B48       .72
 0002:00002B4C       WindowAtom
 0002:00002B4E       ControlAtom
 0002:00002B50       WindowAtomString
 0002:00002B54       ControlAtomString
 0002:00002B58       RM_GetObjectInstance
 0002:00002B5C       DragControl
 0002:00002B60       DragObject
 0002:00002B64       DragInternalObject
 0002:00002B68       DragCapture
 0002:00002B6C       DragStartPos
 0002:00002B74       DragSaveCursor
 0002:00002B78       DragThreshold
 0002:00002B7C       ActiveDrag
 0002:00002B80       DragImageList
 0002:00002B84       DockSiteList
 0002:00002B88       QualifyingSites
 0002:00002B8C       DragSave
 0002:00002B90       CanvasList
 0002:00002B94       _WINNLSEnableIME
 0002:00002B98       _ImmGetContext
 0002:00002B9C       _ImmReleaseContext
 0002:00002BA0       _ImmGetConversionStatus
 0002:00002BA4       _ImmSetConversionStatus
 0002:00002BA8       _ImmSetOpenStatus
 0002:00002BAC       _ImmSetCompositionWindow
 0002:00002BB0       _ImmSetCompositionFont
 0002:00002BB4       _ImmGetCompositionString
 0002:00002BB8       _ImmIsIME
 0002:00002BBC       _ImmNotifyIME
 0002:00002BC0       .8
 0002:00002BC4       .3
 0002:00002BC8       CachedComCtrlVer
 0002:00002BCC       ImageListWriteExProc
 0002:00002BD0       PopupList
 0002:00002BD4       ShortCutItems
 0002:00002BD8       .9
 0002:00002BDC       CommandPool
 0002:00002BE0       Application
 0002:00002BE4       Screen
 0002:00002BE8       .41
 0002:00002BEC       RM_TaskbarCreated
 0002:00002BF0       HintThreadID
 0002:00002BF4       HintDoneEvent
 0002:00002BF8       HintHook
 0002:00002BFC       HintThread
 0002:00002C00       .2
 0002:00002C04       .5
 0002:00002C08       .11
 0002:00002C0C       .1
 0002:00002C10       .41
 0002:00002C14       OleUninitializing
 0002:00002C18       ComClassManagerVar
 0002:00002C1C       SaveInitProc
 0002:00002C20       NeedToUninitialize
 0002:00002C24       .1
 0002:00002C28       MainFrm
 0002:00002C2C       .2


Line numbers for XLHelp(XLHelp.pas) segment .text

    25 0001:000701E8    26 0001:00070209    27 0001:00070217    28 0001:0007022F
    29 0001:00070244    30 0001:0007026D    31 0001:000702AA    34 0001:000702F0
    35 0001:00070334    37 0001:0007033A    38 0001:00070348    39 0001:0007038F
    42 0001:000703A9    43 0001:000703B7    44 0001:000703FF    46 0001:0007044F
    49 0001:0007047C    50 0001:000704B8    51 0001:000704C6    52 0001:000704F9
    53 0001:00070541    70 0001:00070554    71 0001:0007058D    72 0001:0007059B
    73 0001:00070620    74 0001:0007065F   100 0001:0007068C   101 0001:000706D4
   102 0001:000706E2   103 0001:0007075B   104 0001:00070779   105 0001:000707C3
   117 0001:000707F0   118 0001:0007080A   120 0001:00070811   121 0001:0007081D
   122 0001:00070829   124 0001:0007082D   125 0001:0007082E   127 0001:00070833
   128 0001:0007084B   129 0001:0007086C   133 0001:00070874   134 0001:00070896
   135 0001:0007089B   136 0001:000708A5   137 0001:000708A9   139 0001:000708B4
   140 0001:000708EC   137 0001:000708ED   141 0001:00070910   144 0001:00070948
   144 0001:0007094F

Line numbers for Main(Main.pas) segment .text

    84 0001:00070EB0    85 0001:00070ED3    87 0001:00070EE9    88 0001:00070EF7
    89 0001:00070F0F    90 0001:00070F27    92 0001:00070F3F    93 0001:00070F7D
    94 0001:00070FB1    95 0001:00070FDD    96 0001:00071002    97 0001:00071016
    98 0001:0007104E    99 0001:0007107A   101 0001:000710C6   102 0001:00071145
    99 0001:00071146   103 0001:0007114D   104 0001:00071160   106 0001:00071165
   107 0001:000711AF   108 0001:000711F9   109 0001:00071243   104 0001:00071244
   110 0001:00071250   111 0001:00071296   113 0001:00071298   114 0001:000712AC
   115 0001:000712CA   116 0001:000712E8   117 0001:00071306   121 0001:00071421
   125 0001:000714B4   126 0001:000714D8   127 0001:000714E6   128 0001:0007151A
   129 0001:00071552   130 0001:0007157E   132 0001:00071583   133 0001:000715C1
   134 0001:000715FF   135 0001:0007163D   130 0001:0007163E   136 0001:00071668
   138 0001:0007166A   139 0001:0007167E   140 0001:00071696   141 0001:000716AE
   142 0001:000716CC   145 0001:0007175D   151 0001:000717A0   152 0001:000717BC
   153 0001:000717D4   155 0001:000717E3   156 0001:000717ED   158 0001:000717F9
   159 0001:00071809   160 0001:00071819   162 0001:0007181E   163 0001:00071828
   164 0001:0007183B   165 0001:0007184E   166 0001:00071862   167 0001:00071876
   168 0001:0007188A   169 0001:0007189E   170 0001:000718B2   160 0001:000718B3
   171 0001:000718BF   172 0001:000718CF   173 0001:000718E2   174 0001:000718F2
   175 0001:00071905   176 0001:0007193D   179 0001:00071960   180 0001:00071963
   182 0001:00071981   187 0001:00071984   188 0001:000719A7   190 0001:000719BD
   191 0001:000719CB   192 0001:000719E3   193 0001:000719FB   195 0001:00071A13
   196 0001:00071A51   197 0001:00071A85   198 0001:00071AB1   199 0001:00071AD6
   200 0001:00071AEA   201 0001:00071B22   202 0001:00071B4E   204 0001:00071B9A
   205 0001:00071C19   202 0001:00071C1A   206 0001:00071C21   207 0001:00071C34
   209 0001:00071C39   210 0001:00071C83   211 0001:00071CCD   212 0001:00071D17
   207 0001:00071D18   213 0001:00071D24   214 0001:00071D6A   216 0001:00071D6C
   217 0001:00071D80   218 0001:00071D9E   219 0001:00071DBC   220 0001:00071DDA
   224 0001:00071EF5   228 0001:00071F8C   229 0001:00071FB0   230 0001:00071FBE
   231 0001:00071FF2   232 0001:0007202A   233 0001:00072056   235 0001:0007205B
   236 0001:00072099   237 0001:000720D7   238 0001:00072115   233 0001:00072116
   239 0001:00072140   241 0001:00072142   242 0001:00072156   243 0001:0007216E
   244 0001:00072186   245 0001:000721A4   248 0001:00072235   251 0001:0007227C
   252 0001:0007227F   253 0001:0007229D   257 0001:000722A0   258 0001:000722CA
   262 0001:000722CC   263 0001:000722F8   264 0001:000722FA   266 0001:0007230D
   269 0001:00072330   273 0001:000723BE   277 0001:0007243B   282 0001:000724D3
   283 0001:000724ED   284 0001:0007250A   286 0001:000725D4   293 0001:000725E0
   294 0001:00072603   296 0001:0007262B   297 0001:00072635   299 0001:0007263A
   300 0001:00072648   301 0001:00072725   303 0001:000727F9   304 0001:000728AE
   307 0001:00072969   308 0001:00072981   312 0001:000729A4   314 0001:000729C6
   315 0001:000729D0   317 0001:000729D5   319 0001:000729EA   320 0001:000729F4
   322 0001:000729F9   324 0001:00072A0E   325 0001:00072A18   328 0001:00072A1D
   329 0001:00072A2B   330 0001:00072A4D   331 0001:00072A6F   332 0001:00072A91
   333 0001:00072AD1   337 0001:00072B05   338 0001:00072B07   341 0001:00072B0F
   343 0001:00072B4A   345 0001:00072B7E   347 0001:00072BE7   349 0001:00072C48
   343 0001:00072C49   350 0001:00072C50   352 0001:00072C52   353 0001:00072C5A
   339 0001:00072C5B   355 0001:00072CEB   335 0001:00072CEE   357 0001:00072D84
   358 0001:00072D92   359 0001:00072E70   360 0001:00072F4B   361 0001:00072F80
   363 0001:00072F82   366 0001:000730C0   370 0001:0007314C   371 0001:0007315B
   374 0001:0007315C   375 0001:00073175   376 0001:000731C3   379 0001:000731D8
   380 0001:000731F8   381 0001:0007321D   382 0001:00073233   383 0001:00073249
   384 0001:0007325F   385 0001:0007329D   387 0001:000732DC   387 0001:000732E3

Line numbers for XLLink(D:\Dia\Projects\XLLink\XLLink.dpr) segment .text

    10 0001:0007351C    11 0001:0007352C    12 0001:00073538    13 0001:00073550
    14 0001:0007355C

Bound resource files

c:\program files\borland\delphi7\Lib\Buttons.res
c:\program files\borland\delphi7\Lib\ExtDlgs.res
c:\program files\borland\delphi7\Lib\Controls.res
Main.dfm
XLLink.res
XLLink.drf


Program entry point at 0001:0007351C
